Component: ARM Compiler 5.06 update 6 (build 750) Tool: armlink [4d35ed]

==============================================================================

Section Cross References

    startup_stm32f446xx.o(RESET) refers to startup_stm32f446xx.o(STACK) for __initial_sp
    startup_stm32f446xx.o(RESET) refers to startup_stm32f446xx.o(.text) for Reset_Handler
    startup_stm32f446xx.o(RESET) refers to stm32f4xx_it.o(i.NMI_Handler) for NMI_Handler
    startup_stm32f446xx.o(RESET) refers to stm32f4xx_it.o(i.HardFault_Handler) for HardFault_Handler
    startup_stm32f446xx.o(RESET) refers to stm32f4xx_it.o(i.MemManage_Handler) for MemManage_Handler
    startup_stm32f446xx.o(RESET) refers to stm32f4xx_it.o(i.BusFault_Handler) for BusFault_Handler
    startup_stm32f446xx.o(RESET) refers to stm32f4xx_it.o(i.UsageFault_Handler) for UsageFault_Handler
    startup_stm32f446xx.o(RESET) refers to stm32f4xx_it.o(i.SVC_Handler) for SVC_Handler
    startup_stm32f446xx.o(RESET) refers to stm32f4xx_it.o(i.DebugMon_Handler) for DebugMon_Handler
    startup_stm32f446xx.o(RESET) refers to stm32f4xx_it.o(i.PendSV_Handler) for PendSV_Handler
    startup_stm32f446xx.o(RESET) refers to stm32f4xx_it.o(i.SysTick_Handler) for SysTick_Handler
    startup_stm32f446xx.o(RESET) refers to stm32f4xx_it.o(i.ADC_IRQHandler) for ADC_IRQHandler
    startup_stm32f446xx.o(RESET) refers to stm32f4xx_it.o(i.TIM1_BRK_TIM9_IRQHandler) for TIM1_BRK_TIM9_IRQHandler
    startup_stm32f446xx.o(RESET) refers to stm32f4xx_it.o(i.TIM1_UP_TIM10_IRQHandler) for TIM1_UP_TIM10_IRQHandler
    startup_stm32f446xx.o(RESET) refers to stm32f4xx_it.o(i.TIM1_TRG_COM_TIM11_IRQHandler) for TIM1_TRG_COM_TIM11_IRQHandler
    startup_stm32f446xx.o(RESET) refers to stm32f4xx_it.o(i.TIM1_CC_IRQHandler) for TIM1_CC_IRQHandler
    startup_stm32f446xx.o(RESET) refers to stm32f4xx_it.o(i.DMA2_Stream0_IRQHandler) for DMA2_Stream0_IRQHandler
    startup_stm32f446xx.o(.text) refers to system_stm32f4xx.o(i.SystemInit) for SystemInit
    startup_stm32f446xx.o(.text) refers to entry.o(.ARM.Collect$$$$00000000) for __main
    servo.o(i.GetServoAngle) refers to stm32f4xx_hal_adc.o(i.HAL_ADC_ConfigChannel) for HAL_ADC_ConfigChannel
    servo.o(i.GetServoAngle) refers to stm32f4xx_hal_adc.o(i.HAL_ADC_Start) for HAL_ADC_Start
    servo.o(i.GetServoAngle) refers to stm32f4xx_hal_adc.o(i.HAL_ADC_PollForConversion) for HAL_ADC_PollForConversion
    servo.o(i.GetServoAngle) refers to stm32f4xx_hal_adc.o(i.HAL_ADC_GetValue) for HAL_ADC_GetValue
    servo.o(i.GetServoAngle) refers to stm32f4xx_hal_adc.o(i.HAL_ADC_Stop) for HAL_ADC_Stop
    servo.o(i.SetServoAngle) refers to stm32f4xx_hal_adc.o(i.HAL_ADC_ConfigChannel) for HAL_ADC_ConfigChannel
    servo.o(i.SetServoAngle) refers to stm32f4xx_hal_adc.o(i.HAL_ADC_Start) for HAL_ADC_Start
    servo.o(i.SetServoAngle) refers to stm32f4xx_hal_adc.o(i.HAL_ADC_PollForConversion) for HAL_ADC_PollForConversion
    servo.o(i.SetServoAngle) refers to stm32f4xx_hal_adc.o(i.HAL_ADC_GetValue) for HAL_ADC_GetValue
    servo.o(i.SetServoAngle) refers to stm32f4xx_hal_adc.o(i.HAL_ADC_Stop) for HAL_ADC_Stop
    si7021_driver.o(i.Si7021_read_all_params) refers to stm32f4xx_hal_i2c.o(i.HAL_I2C_Master_Transmit) for HAL_I2C_Master_Transmit
    si7021_driver.o(i.Si7021_read_all_params) refers to stm32f4xx_hal_i2c.o(i.HAL_I2C_Master_Receive) for HAL_I2C_Master_Receive
    si7021_driver.o(i.Si7021_read_all_params) refers to si7021_driver.o(i.get_humi_code) for get_humi_code
    si7021_driver.o(i.Si7021_read_all_params) refers to si7021_driver.o(i.get_temp_code) for get_temp_code
    si7021_driver.o(i.Si7021_read_single_param) refers to stm32f4xx_hal_i2c.o(i.HAL_I2C_Master_Transmit) for HAL_I2C_Master_Transmit
    si7021_driver.o(i.Si7021_read_single_param) refers to stm32f4xx_hal_i2c.o(i.HAL_I2C_Master_Receive) for HAL_I2C_Master_Receive
    si7021_driver.o(i.Si7021_read_single_param) refers to si7021_driver.o(i.get_humi_code) for get_humi_code
    si7021_driver.o(i.Si7021_read_single_param) refers to si7021_driver.o(i.get_temp_code) for get_temp_code
    si7021_driver.o(i.get_humi_code) refers to dfltui.o(.text) for __aeabi_ui2d
    si7021_driver.o(i.get_humi_code) refers to dmul.o(.text) for __aeabi_dmul
    si7021_driver.o(i.get_humi_code) refers to dadd.o(.text) for __aeabi_dsub
    si7021_driver.o(i.get_humi_code) refers to d2f.o(.text) for __aeabi_d2f
    si7021_driver.o(i.get_temp_code) refers to dfltui.o(.text) for __aeabi_ui2d
    si7021_driver.o(i.get_temp_code) refers to dmul.o(.text) for __aeabi_dmul
    si7021_driver.o(i.get_temp_code) refers to dadd.o(.text) for __aeabi_dsub
    si7021_driver.o(i.get_temp_code) refers to d2f.o(.text) for __aeabi_d2f
    bmp280_driver.o(i.BMP280_compensate_pressure) refers to ldiv.o(.text) for __aeabi_ldivmod
    bmp280_driver.o(i.BMP280_init) refers to bmp280_driver.o(i.BMP280_read_data) for BMP280_read_data
    bmp280_driver.o(i.BMP280_init) refers to bmp280_driver.o(i.BMP280_write_register8) for BMP280_write_register8
[...]
    ../Drivers/STM32F4xx_HAL_Driver/Src/stm32f4xx_hal_flash.c 0x00000000   Number         0  stm32f4xx_hal_flash.o ABSOLUTE
    ../Drivers/STM32F4xx_HAL_Driver/Src/stm32f4xx_hal_flash_ex.c 0x00000000   Number         0  stm32f4xx_hal_flash_ex.o ABSOLUTE
    ../Drivers/STM32F4xx_HAL_Driver/Src/stm32f4xx_hal_flash_ramfunc.c 0x00000000   Number         0  stm32f4xx_hal_flash_ramfunc.o ABSOLUTE
    ../Drivers/STM32F4xx_HAL_Driver/Src/stm32f4xx_hal_gpio.c 0x00000000   Number         0  stm32f4xx_hal_gpio.o ABSOLUTE
    ../Drivers/STM32F4xx_HAL_Driver/Src/stm32f4xx_hal_i2c.c 0x00000000   Number         0  stm32f4xx_hal_i2c.o ABSOLUTE
    ../Drivers/STM32F4xx_HAL_Driver/Src/stm32f4xx_hal_i2c_ex.c 0x00000000   Number         0  stm32f4xx_hal_i2c_ex.o ABSOLUTE
    ../Drivers/STM32F4xx_HAL_Driver/Src/stm32f4xx_hal_pwr.c 0x00000000   Number         0  stm32f4xx_hal_pwr.o ABSOLUTE
    ../Drivers/STM32F4xx_HAL_Driver/Src/stm32f4xx_hal_pwr_ex.c 0x00000000   Number         0  stm32f4xx_hal_pwr_ex.o ABSOLUTE
    ../Drivers/STM32F4xx_HAL_Driver/Src/stm32f4xx_hal_rcc.c 0x00000000   Number         0  stm32f4xx_hal_rcc.o ABSOLUTE
    ../Drivers/STM32F4xx_HAL_Driver/Src/stm32f4xx_hal_rcc_ex.c 0x00000000   Number         0  stm32f4xx_hal_rcc_ex.o ABSOLUTE
    ../Drivers/STM32F4xx_HAL_Driver/Src/stm32f4xx_hal_tim.c 0x00000000   Number         0  stm32f4xx_hal_tim.o ABSOLUTE
    ../Drivers/STM32F4xx_HAL_Driver/Src/stm32f4xx_hal_tim_ex.c 0x00000000   Number         0  stm32f4xx_hal_tim_ex.o ABSOLUTE
    ../Drivers/STM32F4xx_HAL_Driver/Src/stm32f4xx_hal_uart.c 0x00000000   Number         0  stm32f4xx_hal_uart.o ABSOLUTE
    ../Src/main.c                            0x00000000   Number         0  main.o ABSOLUTE
    ../Src/stm32f4xx_hal_msp.c               0x00000000   Number         0  stm32f4xx_hal_msp.o ABSOLUTE
    ../Src/stm32f4xx_it.c                    0x00000000   Number         0  stm32f4xx_it.o ABSOLUTE
    ../Src/system_stm32f4xx.c                0x00000000   Number         0  system_stm32f4xx.o ABSOLUTE
    ../clib/microlib/division.c              0x00000000   Number         0  uldiv.o ABSOLUTE
    ../clib/microlib/division.c              0x00000000   Number         0  ldiv.o ABSOLUTE
    ../clib/microlib/division.c              0x00000000   Number         0  uidiv.o ABSOLUTE
    ../clib/microlib/init/entry.s            0x00000000   Number         0  entry10b.o ABSOLUTE
    ../clib/microlib/init/entry.s            0x00000000   Number         0  entry11a.o ABSOLUTE
    ../clib/microlib/init/entry.s            0x00000000   Number         0  entry8a.o ABSOLUTE
    ../clib/microlib/init/entry.s            0x00000000   Number         0  entry.o ABSOLUTE
    ../clib/microlib/init/entry.s            0x00000000   Number         0  entry2.o ABSOLUTE
    ../clib/microlib/init/entry.s            0x00000000   Number         0  entry5.o ABSOLUTE
    ../clib/microlib/init/entry.s            0x00000000   Number         0  entry11b.o ABSOLUTE
    ../clib/microlib/init/entry.s            0x00000000   Number         0  entry7a.o ABSOLUTE
    ../clib/microlib/init/entry.s            0x00000000   Number         0  entry7b.o ABSOLUTE
    ../clib/microlib/init/entry.s            0x00000000   Number         0  entry8b.o ABSOLUTE
    ../clib/microlib/init/entry.s            0x00000000   Number         0  entry9a.o ABSOLUTE
    ../clib/microlib/init/entry.s            0x00000000   Number         0  entry9b.o ABSOLUTE
    ../clib/microlib/init/entry.s            0x00000000   Number         0  entry10a.o ABSOLUTE
    ../clib/microlib/longlong.c              0x00000000   Number         0  llsshr.o ABSOLUTE
    ../clib/microlib/longlong.c              0x00000000   Number         0  llushr.o ABSOLUTE
    ../clib/microlib/longlong.c              0x00000000   Number         0  llshl.o ABSOLUTE
    ../clib/microlib/printf/printf.c         0x00000000   Number         0  printf2.o ABSOLUTE
    ../clib/microlib/printf/printf.c         0x00000000   Number         0  printf7.o ABSOLUTE
    ../clib/microlib/printf/printf.c         0x00000000   Number         0  printf3.o ABSOLUTE
    ../clib/microlib/printf/printf.c         0x00000000   Number         0  printf4.o ABSOLUTE
    ../clib/microlib/printf/printf.c         0x00000000   Number         0  printf5.o ABSOLUTE
    ../clib/microlib/printf/printf.c         0x00000000   Number         0  printf6.o ABSOLUTE
    ../clib/microlib/printf/printf.c         0x00000000   Number         0  printf8.o ABSOLUTE
    ../clib/microlib/printf/printf.c         0x00000000   Number         0  printfa.o ABSOLUTE
    ../clib/microlib/printf/printf.c         0x00000000   Number         0  printf1.o ABSOLUTE
    ../clib/microlib/printf/printf.c         0x00000000   Number         0  printfb.o ABSOLUTE
    ../clib/microlib/printf/printf.c         0x00000000   Number         0  printf0.o ABSOLUTE
    ../clib/microlib/printf/stubs.s          0x00000000   Number         0  stubs.o ABSOLUTE
    ../clib/microlib/stdio/fputc.c           0x00000000   Number         0  fputc.o ABSOLUTE
    ../clib/microlib/stdio/semi.s            0x00000000   Number         0  semi.o ABSOLUTE
    ../clib/microlib/stdio/streams.c         0x00000000   Number         0  stdout.o ABSOLUTE
    ../clib/microlib/string/memset.c         0x00000000   Number         0  memseta.o ABSOLUTE
    ../clib/microlib/stubs.s                 0x00000000   Number         0  iusesemip.o ABSOLUTE
    ../clib/microlib/stubs.s                 0x00000000   Number         0  iusefp.o ABSOLUTE
    ../fplib/microlib/d2f.c                  0x00000000   Number         0  d2f.o ABSOLUTE
    ../fplib/microlib/f2d.c                  0x00000000   Number         0  f2d.o ABSOLUTE
    ../fplib/microlib/fpadd.c                0x00000000   Number         0  dadd.o ABSOLUTE
    ../fplib/microlib/fpdiv.c                0x00000000   Number         0  ddiv.o ABSOLUTE
    ../fplib/microlib/fpepilogue.c           0x00000000   Number         0  depilogue.o ABSOLUTE
    ../fplib/microlib/fpepilogue.c           0x00000000   Number         0  fepilogue.o ABSOLUTE
    ../fplib/microlib/fpfix.c                0x00000000   Number         0  dfixul.o ABSOLUTE
    ../fplib/microlib/fpflt.c                0x00000000   Number         0  dfltui.o ABSOLUTE
    ../fplib/microlib/fpmul.c                0x00000000   Number         0  dmul.o ABSOLUTE
    ..\Drivers\STM32F4xx_HAL_Driver\Src\stm32f4xx_hal.c 0x00000000   Number         0  stm32f4xx_hal.o ABSOLUTE
    ..\Drivers\STM32F4xx_HAL_Driver\Src\stm32f4xx_hal_adc.c 0x00000000   Number         0  stm32f4xx_hal_adc.o ABSOLUTE
    ..\Drivers\STM32F4xx_HAL_Driver\Src\stm32f4xx_hal_adc_ex.c 0x00000000   Number         0  stm32f4xx_hal_adc_ex.o ABSOLUTE
    ..\Drivers\STM32F4xx_HAL_Driver\Src\stm32f4xx_hal_can.c 0x00000000   Number         0  stm32f4xx_hal_can.o ABSOLUTE
    ..\Drivers\STM32F4xx_HAL_Driver\Src\stm32f4xx_hal_cortex.c 0x00000000   Number         0  stm32f4xx_hal_cortex.o ABSOLUTE
    ..\Drivers\STM32F4xx_HAL_Driver\Src\stm32f4xx_hal_dma.c 0x00000000   Number         0  stm32f4xx_hal_dma.o ABSOLUTE
    ..\Drivers\STM32F4xx_HAL_Driver\Src\stm32f4xx_hal_dma_ex.c 0x00000000   Number         0  stm32f4xx_hal_dma_ex.o ABSOLUTE
    ..\Drivers\STM32F4xx_HAL_Driver\Src\stm32f4xx_hal_flash.c 0x00000000   Number         0  stm32f4xx_hal_flash.o ABSOLUTE
    ..\Drivers\STM32F4xx_HAL_Driver\Src\stm32f4xx_hal_flash_ex.c 0x00000000   Number         0  stm32f4xx_hal_flash_ex.o ABSOLUTE
    ..\Drivers\STM32F4xx_HAL_Driver\Src\stm32f4xx_hal_flash_ramfunc.c 0x00000000   Number         0  stm32f4xx_hal_flash_ramfunc.o ABSOLUTE
    ..\Drivers\STM32F4xx_HAL_Driver\Src\stm32f4xx_hal_gpio.c 0x00000000   Number         0  stm32f4xx_hal_gpio.o ABSOLUTE
    ..\Drivers\STM32F4xx_HAL_Driver\Src\stm32f4xx_hal_i2c.c 0x00000000   Number         0  stm32f4xx_hal_i2c.o ABSOLUTE
    ..\Drivers\STM32F4xx_HAL_Driver\Src\stm32f4xx_hal_i2c_ex.c 0x00000000   Number         0  stm32f4xx_hal_i2c_ex.o ABSOLUTE
    ..\Drivers\STM32F4xx_HAL_Driver\Src\stm32f4xx_hal_pwr.c 0x00000000   Number         0  stm32f4xx_hal_pwr.o ABSOLUTE
    ..\Drivers\STM32F4xx_HAL_Driver\Src\stm32f4xx_hal_pwr_ex.c 0x00000000   Number         0  stm32f4xx_hal_pwr_ex.o ABSOLUTE
    ..\Drivers\STM32F4xx_HAL_Driver\Src\stm32f4xx_hal_rcc.c 0x00000000   Number         0  stm32f4xx_hal_rcc.o ABSOLUTE
    ..\Drivers\STM32F4xx_HAL_Driver\Src\stm32f4xx_hal_rcc_ex.c 0x00000000   Number         0  stm32f4xx_hal_rcc_ex.o ABSOLUTE
    ..\Drivers\STM32F4xx_HAL_Driver\Src\stm32f4xx_hal_tim.c 0x00000000   Number         0  stm32f4xx_hal_tim.o ABSOLUTE
    ..\Drivers\STM32F4xx_HAL_Driver\Src\stm32f4xx_hal_tim_ex.c 0x00000000   Number         0  stm32f4xx_hal_tim_ex.o ABSOLUTE
    ..\Drivers\STM32F4xx_HAL_Driver\Src\stm32f4xx_hal_uart.c 0x00000000   Number         0  stm32f4xx_hal_uart.o ABSOLUTE
    ..\Src\BMP280\BMP280_driver.c            0x00000000   Number         0  bmp280_driver.o ABSOLUTE
    ..\Src\Si7021\Si7021_driver.c            0x00000000   Number         0  si7021_driver.o ABSOLUTE
    ..\Src\leak.c                            0x00000000   Number         0  leak.o ABSOLUTE
    ..\Src\main.c                            0x00000000   Number         0  main.o ABSOLUTE
    ..\Src\servo.c                           0x00000000   Number         0  servo.o ABSOLUTE
    ..\Src\stm32f4xx_hal_msp.c               0x00000000   Number         0  stm32f4xx_hal_msp.o ABSOLUTE
    ..\Src\stm32f4xx_it.c                    0x00000000   Number         0  stm32f4xx_it.o ABSOLUTE
    ..\Src\system_stm32f4xx.c                0x00000000   Number         0  system_stm32f4xx.o ABSOLUTE
    ..\\Src\\BMP280\\BMP280_driver.c         0x00000000   Number         0  bmp280_driver.o ABSOLUTE
    ..\\Src\\Si7021\\Si7021_driver.c         0x00000000   Number         0  si7021_driver.o ABSOLUTE
    ..\\Src\\leak.c                          0x00000000   Number         0  leak.o ABSOLUTE
    ..\\Src\\servo.c                         0x00000000   Number         0  servo.o ABSOLUTE
    cdrcmple.s                               0x00000000   Number         0  cdrcmple.o ABSOLUTE
    dc.s                                     0x00000000   Number         0  dc.o ABSOLUTE
    handlers.s                               0x00000000   Number         0  handlers.o ABSOLUTE
    init.s                                   0x00000000   Number         0  init.o ABSOLUTE
    startup_stm32f446xx.s                    0x00000000   Number         0  startup_stm32f446xx.o ABSOLUTE
    RESET                                    0x08000000   Section      452  startup_stm32f446xx.o(RESET)
    .ARM.Collect$$$$00000000                 0x080001c4   Section        0  entry.o(.ARM.Collect$$$$00000000)
    .ARM.Collect$$$$00000001                 0x080001c4   Section        4  entry2.o(.ARM.Collect$$$$00000001)
    .ARM.Collect$$$$00000004                 0x080001c8   Section        4  entry5.o(.ARM.Collect$$$$00000004)
    .ARM.Collect$$$$00000008                 0x080001cc   Section        0  entry7b.o(.ARM.Collect$$$$00000008)
    .ARM.Collect$$$$0000000A                 0x080001cc   Section        0  entry8b.o(.ARM.Collect$$$$0000000A)
    .ARM.Collect$$$$0000000B                 0x080001cc   Section        8  entry9a.o(.ARM.Collect$$$$0000000B)
    .ARM.Collect$$$$0000000D                 0x080001d4   Section        0  entry10a.o(.ARM.Collect$$$$0000000D)
    .ARM.Collect$$$$0000000F                 0x080001d4   Section        0  entry11a.o(.ARM.Collect$$$$0000000F)
    .ARM.Collect$$$$00002712                 0x080001d4   Section        4  entry2.o(.ARM.Collect$$$$00002712)
    __lit__00000000                          0x080001d4   Data           4  entry2.o(.ARM.Collect$$$$00002712)
    .text                                    0x080001d8   Section       36  startup_stm32f446xx.o(.text)
    $v0                                      0x080001d8   Number         0  startup_stm32f446xx.o(.text)
    .text                                    0x080001fc   Section        0  uldiv.o(.text)
    .text                                    0x0800025e   Section        0  ldiv.o(.text)
    .text                                    0x080002c0   Section        0  memseta.o(.text)
    .text                                    0x080002e4   Section        0  dadd.o(.text)
    .text                                    0x08000432   Section        0  dmul.o(.text)
    .text                                    0x08000516   Section        0  dfltui.o(.text)
    .text                                    0x08000530   Section        0  f2d.o(.text)
    .text                                    0x08000556   Section        0  d2f.o(.text)
    .text                                    0x0800058e   Section        0  uidiv.o(.text)
    .text                                    0x080005ba   Section        0  llshl.o(.text)
    .text                                    0x080005d8   Section        0  llushr.o(.text)
    .text                                    0x080005f8   Section        0  llsshr.o(.text)
    .text                                    0x0800061c   Section        0  fepilogue.o(.text)
    .text                                    0x0800061c   Section        0  iusefp.o(.text)
    .text                                    0x0800068a   Section        0  depilogue.o(.text)
    .text                                    0x08000744   Section        0  ddiv.o(.text)
    .text                                    0x08000822   Section        0  dfixul.o(.text)
    .text                                    0x08000854   Section       48  cdrcmple.o(.text)
    .text                                    0x08000884   Section       36  init.o(.text)
    i.ADC_IRQHandler                         0x080008a8   Section        0  stm32f4xx_it.o(i.ADC_IRQHandler)
    i.ADC_Init                               0x080008b4   Section        0  stm32f4xx_hal_adc.o(i.ADC_Init)
    ADC_Init                                 0x080008b5   Thumb Code   280  stm32f4xx_hal_adc.o(i.ADC_Init)
    i.BMP280_compensate_pressure             0x080009d8   Section        0  bmp280_driver.o(i.BMP280_compensate_pressure)
    BMP280_compensate_pressure               0x080009d9   Thumb Code   342  bmp280_driver.o(i.BMP280_compensate_pressure)
    i.BMP280_init                            0x08000b34   Section        0  bmp280_driver.o(i.BMP280_init)
    i.BMP280_init_default_params             0x08000bfc   Section        0  bmp280_driver.o(i.BMP280_init_default_params)
    i.BMP280_read_all_params_fixed           0x08000c0e   Section        0  bmp280_driver.o(i.BMP280_read_all_params_fixed)
    i.BMP280_read_all_params_float           0x08000d1c   Section        0  bmp280_driver.o(i.BMP280_read_all_params_float)
    i.BMP280_read_calibration_data           0x08000d88   Section        0  bmp280_driver.o(i.BMP280_read_calibration_data)
    BMP280_read_calibration_data             0x08000d89   Thumb Code   176  bmp280_driver.o(i.BMP280_read_calibration_data)
    i.BMP280_read_data                       0x08000e38   Section        0  bmp280_driver.o(i.BMP280_read_data)
    BMP280_read_data                         0x08000e39   Thumb Code    42  bmp280_driver.o(i.BMP280_read_data)
    i.BMP280_read_hum_calibration_data       0x08000e62   Section        0  bmp280_driver.o(i.BMP280_read_hum_calibration_data)
    BMP280_read_hum_calibration_data         0x08000e63   Thumb Code   120  bmp280_driver.o(i.BMP280_read_hum_calibration_data)
    i.BMP280_read_register16                 0x08000eda   Section        0  bmp280_driver.o(i.BMP280_read_register16)
    BMP280_read_register16                   0x08000edb   Thumb Code    56  bmp280_driver.o(i.BMP280_read_register16)
    i.BMP280_write_register8                 0x08000f12   Section        0  bmp280_driver.o(i.BMP280_write_register8)
    BMP280_write_register8                   0x08000f13   Thumb Code    46  bmp280_driver.o(i.BMP280_write_register8)
    i.BusFault_Handler                       0x08000f40   Section        0  stm32f4xx_it.o(i.BusFault_Handler)
    i.DMA2_Stream0_IRQHandler                0x08000f44   Section        0  stm32f4xx_it.o(i.DMA2_Stream0_IRQHandler)
    i.DMA_CalcBaseAndBitshift                0x08000f50   Section        0  stm32f4xx_hal_dma.o(i.DMA_CalcBaseAndBitshift)
    DMA_CalcBaseAndBitshift                  0x08000f51   Thumb Code    34  stm32f4xx_hal_dma.o(i.DMA_CalcBaseAndBitshift)
    i.DMA_CheckFifoParam                     0x08000f78   Section        0  stm32f4xx_hal_dma.o(i.DMA_CheckFifoParam)
    DMA_CheckFifoParam                       0x08000f79   Thumb Code    84  stm32f4xx_hal_dma.o(i.DMA_CheckFifoParam)
    i.DebugMon_Handler                       0x08000fcc   Section        0  stm32f4xx_it.o(i.DebugMon_Handler)
    i.Error_Handler                          0x08000fce   Section        0  main.o(i.Error_Handler)
    i.GetLeakSensorValue                     0x08000fd0   Section        0  leak.o(i.GetLeakSensorValue)
    i.HAL_ADCEx_InjectedConvCpltCallback     0x0800102c   Section        0  stm32f4xx_hal_adc_ex.o(i.HAL_ADCEx_InjectedConvCpltCallback)
    i.HAL_ADC_ConfigChannel                  0x08001030   Section        0  stm32f4xx_hal_adc.o(i.HAL_ADC_ConfigChannel)
    i.HAL_ADC_ConvCpltCallback               0x08001184   Section        0  stm32f4xx_hal_adc.o(i.HAL_ADC_ConvCpltCallback)
    i.HAL_ADC_ErrorCallback                  0x08001186   Section        0  stm32f4xx_hal_adc.o(i.HAL_ADC_ErrorCallback)
    i.HAL_ADC_GetValue                       0x08001188   Section        0  stm32f4xx_hal_adc.o(i.HAL_ADC_GetValue)
    i.HAL_ADC_IRQHandler                     0x0800118e   Section        0  stm32f4xx_hal_adc.o(i.HAL_ADC_IRQHandler)
    i.HAL_ADC_Init                           0x080012ca   Section        0  stm32f4xx_hal_adc.o(i.HAL_ADC_Init)
    i.HAL_ADC_LevelOutOfWindowCallback       0x0800131e   Section        0  stm32f4xx_hal_adc.o(i.HAL_ADC_LevelOutOfWindowCallback)
    i.HAL_ADC_MspInit                        0x08001320   Section        0  stm32f4xx_hal_msp.o(i.HAL_ADC_MspInit)
    i.HAL_ADC_PollForConversion              0x080013c8   Section        0  stm32f4xx_hal_adc.o(i.HAL_ADC_PollForConversion)
    i.HAL_ADC_Start                          0x0800146c   Section        0  stm32f4xx_hal_adc.o(i.HAL_ADC_Start)
    i.HAL_ADC_Stop                           0x08001528   Section        0  stm32f4xx_hal_adc.o(i.HAL_ADC_Stop)
    i.HAL_CAN_AddTxMessage                   0x08001564   Section        0  stm32f4xx_hal_can.o(i.HAL_CAN_AddTxMessage)
    i.HAL_CAN_Init                           0x0800162c   Section        0  stm32f4xx_hal_can.o(i.HAL_CAN_Init)
    i.HAL_CAN_MspInit                        0x08001748   Section        0  stm32f4xx_hal_msp.o(i.HAL_CAN_MspInit)
    i.HAL_CAN_Start                          0x080017b4   Section        0  stm32f4xx_hal_can.o(i.HAL_CAN_Start)
    i.HAL_DMA_IRQHandler                     0x0800180c   Section        0  stm32f4xx_hal_dma.o(i.HAL_DMA_IRQHandler)
    i.HAL_DMA_Init                           0x080019ac   Section        0  stm32f4xx_hal_dma.o(i.HAL_DMA_Init)
    i.HAL_Delay                              0x08001a80   Section        0  stm32f4xx_hal.o(i.HAL_Delay)
    i.HAL_GPIO_Init                          0x08001aa4   Section        0  stm32f4xx_hal_gpio.o(i.HAL_GPIO_Init)
    i.HAL_GPIO_TogglePin                     0x08001c48   Section        0  stm32f4xx_hal_gpio.o(i.HAL_GPIO_TogglePin)
    i.HAL_GPIO_WritePin                      0x08001c50   Section        0  stm32f4xx_hal_gpio.o(i.HAL_GPIO_WritePin)
    i.HAL_GetTick                            0x08001c5c   Section        0  stm32f4xx_hal.o(i.HAL_GetTick)
    i.HAL_I2C_Init                           0x08001c68   Section        0  stm32f4xx_hal_i2c.o(i.HAL_I2C_Init)
    i.HAL_I2C_Master_Receive                 0x08001d70   Section        0  stm32f4xx_hal_i2c.o(i.HAL_I2C_Master_Receive)
    i.HAL_I2C_Master_Transmit                0x08001f58   Section        0  stm32f4xx_hal_i2c.o(i.HAL_I2C_Master_Transmit)
    i.HAL_I2C_Mem_Read                       0x08002090   Section        0  stm32f4xx_hal_i2c.o(i.HAL_I2C_Mem_Read)
    i.HAL_I2C_Mem_Write                      0x0800228c   Section        0  stm32f4xx_hal_i2c.o(i.HAL_I2C_Mem_Write)
    i.HAL_I2C_MspInit                        0x080023c8   Section        0  stm32f4xx_hal_msp.o(i.HAL_I2C_MspInit)
    i.HAL_IncTick                            0x08002430   Section        0  stm32f4xx_hal.o(i.HAL_IncTick)
    i.HAL_Init                               0x08002440   Section        0  stm32f4xx_hal.o(i.HAL_Init)
    i.HAL_InitTick                           0x08002474   Section        0  stm32f4xx_hal.o(i.HAL_InitTick)
    i.HAL_MspInit                            0x080024b4   Section        0  stm32f4xx_hal_msp.o(i.HAL_MspInit)
    i.HAL_NVIC_EnableIRQ                     0x080024e8   Section        0  stm32f4xx_hal_cortex.o(i.HAL_NVIC_EnableIRQ)
    i.HAL_NVIC_SetPriority                   0x08002500   Section        0  stm32f4xx_hal_cortex.o(i.HAL_NVIC_SetPriority)
    i.HAL_NVIC_SetPriorityGrouping           0x08002540   Section        0  stm32f4xx_hal_cortex.o(i.HAL_NVIC_SetPriorityGrouping)
    i.HAL_PWREx_EnableOverDrive              0x08002564   Section        0  stm32f4xx_hal_pwr_ex.o(i.HAL_PWREx_EnableOverDrive)
    i.HAL_RCC_ClockConfig                    0x080025d4   Section        0  stm32f4xx_hal_rcc.o(i.HAL_RCC_ClockConfig)
    i.HAL_RCC_GetPCLK1Freq                   0x08002704   Section        0  stm32f4xx_hal_rcc.o(i.HAL_RCC_GetPCLK1Freq)
    i.HAL_RCC_GetPCLK2Freq                   0x08002724   Section        0  stm32f4xx_hal_rcc.o(i.HAL_RCC_GetPCLK2Freq)
    i.HAL_RCC_GetSysClockFreq                0x08002744   Section        0  stm32f4xx_hal_rcc_ex.o(i.HAL_RCC_GetSysClockFreq)
    i.HAL_RCC_OscConfig                      0x080027b4   Section        0  stm32f4xx_hal_rcc_ex.o(i.HAL_RCC_OscConfig)
    i.HAL_SYSTICK_Config                     0x08002af8   Section        0  stm32f4xx_hal_cortex.o(i.HAL_SYSTICK_Config)
    i.HAL_TIMEx_BreakCallback                0x08002b20   Section        0  stm32f4xx_hal_tim_ex.o(i.HAL_TIMEx_BreakCallback)
    i.HAL_TIMEx_CommutationCallback          0x08002b22   Section        0  stm32f4xx_hal_tim_ex.o(i.HAL_TIMEx_CommutationCallback)
    i.HAL_TIMEx_ConfigBreakDeadTime          0x08002b24   Section        0  stm32f4xx_hal_tim_ex.o(i.HAL_TIMEx_ConfigBreakDeadTime)
    i.HAL_TIMEx_MasterConfigSynchronization  0x08002b7e   Section        0  stm32f4xx_hal_tim_ex.o(i.HAL_TIMEx_MasterConfigSynchronization)
    i.HAL_TIM_Base_Init                      0x08002bce   Section        0  stm32f4xx_hal_tim.o(i.HAL_TIM_Base_Init)
    i.HAL_TIM_Base_MspInit                   0x08002c04   Section        0  stm32f4xx_hal_msp.o(i.HAL_TIM_Base_MspInit)
    i.HAL_TIM_ConfigClockSource              0x08002c70   Section        0  stm32f4xx_hal_tim.o(i.HAL_TIM_ConfigClockSource)
    i.HAL_TIM_IC_CaptureCallback             0x08002d62   Section        0  stm32f4xx_hal_tim.o(i.HAL_TIM_IC_CaptureCallback)
    i.HAL_TIM_IRQHandler                     0x08002d64   Section        0  stm32f4xx_hal_tim.o(i.HAL_TIM_IRQHandler)
    i.HAL_TIM_MspPostInit                    0x08002ecc   Section        0  stm32f4xx_hal_msp.o(i.HAL_TIM_MspPostInit)
    i.HAL_TIM_OC_DelayElapsedCallback        0x08002f20   Section        0  stm32f4xx_hal_tim.o(i.HAL_TIM_OC_DelayElapsedCallback)
    i.HAL_TIM_PWM_ConfigChannel              0x08002f22   Section        0  stm32f4xx_hal_tim.o(i.HAL_TIM_PWM_ConfigChannel)
    i.HAL_TIM_PWM_Init                       0x08002ff2   Section        0  stm32f4xx_hal_tim.o(i.HAL_TIM_PWM_Init)
    i.HAL_TIM_PWM_MspInit                    0x08003028   Section        0  stm32f4xx_hal_tim.o(i.HAL_TIM_PWM_MspInit)
    i.HAL_TIM_PWM_PulseFinishedCallback      0x0800302a   Section        0  stm32f4xx_hal_tim.o(i.HAL_TIM_PWM_PulseFinishedCallback)
    i.HAL_TIM_PWM_Start                      0x0800302c   Section        0  stm32f4xx_hal_tim.o(i.HAL_TIM_PWM_Start)
    i.HAL_TIM_PeriodElapsedCallback          0x08003064   Section        0  stm32f4xx_hal_tim.o(i.HAL_TIM_PeriodElapsedCallback)
    i.HAL_TIM_TriggerCallback                0x08003066   Section        0  stm32f4xx_hal_tim.o(i.HAL_TIM_TriggerCallback)
    i.HAL_UART_Init                          0x08003068   Section        0  stm32f4xx_hal_uart.o(i.HAL_UART_Init)
    i.HAL_UART_MspInit                       0x080030cc   Section        0  stm32f4xx_hal_msp.o(i.HAL_UART_MspInit)
    i.HAL_UART_Transmit                      0x08003174   Section        0  stm32f4xx_hal_uart.o(i.HAL_UART_Transmit)
    i.HardFault_Handler                      0x0800322e   Section        0  stm32f4xx_it.o(i.HardFault_Handler)
    i.I2C_IsAcknowledgeFailed                0x08003230   Section        0  stm32f4xx_hal_i2c.o(i.I2C_IsAcknowledgeFailed)
    I2C_IsAcknowledgeFailed                  0x08003231   Thumb Code    40  stm32f4xx_hal_i2c.o(i.I2C_IsAcknowledgeFailed)
    i.I2C_MasterRequestRead                  0x08003258   Section        0  stm32f4xx_hal_i2c.o(i.I2C_MasterRequestRead)
    I2C_MasterRequestRead                    0x08003259   Thumb Code   222  stm32f4xx_hal_i2c.o(i.I2C_MasterRequestRead)
    i.I2C_MasterRequestWrite                 0x08003338   Section        0  stm32f4xx_hal_i2c.o(i.I2C_MasterRequestWrite)
    I2C_MasterRequestWrite                   0x08003339   Thumb Code   142  stm32f4xx_hal_i2c.o(i.I2C_MasterRequestWrite)
    i.I2C_RequestMemoryRead                  0x080033cc   Section        0  stm32f4xx_hal_i2c.o(i.I2C_RequestMemoryRead)
    I2C_RequestMemoryRead                    0x080033cd   Thumb Code   240  stm32f4xx_hal_i2c.o(i.I2C_RequestMemoryRead)
    i.I2C_RequestMemoryWrite                 0x080034bc   Section        0  stm32f4xx_hal_i2c.o(i.I2C_RequestMemoryWrite)
    I2C_RequestMemoryWrite                   0x080034bd   Thumb Code   156  stm32f4xx_hal_i2c.o(i.I2C_RequestMemoryWrite)
    i.I2C_WaitOnBTFFlagUntilTimeout          0x0800355c   Section        0  stm32f4xx_hal_i2c.o(i.I2C_WaitOnBTFFlagUntilTimeout)
    I2C_WaitOnBTFFlagUntilTimeout            0x0800355d   Thumb Code    78  stm32f4xx_hal_i2c.o(i.I2C_WaitOnBTFFlagUntilTimeout)
    i.I2C_WaitOnFlagUntilTimeout             0x080035aa   Section        0  stm32f4xx_hal_i2c.o(i.I2C_WaitOnFlagUntilTimeout)
    I2C_WaitOnFlagUntilTimeout               0x080035ab   Thumb Code    96  stm32f4xx_hal_i2c.o(i.I2C_WaitOnFlagUntilTimeout)
    i.I2C_WaitOnMasterAddressFlagUntilTimeout 0x0800360c   Section        0  stm32f4xx_hal_i2c.o(i.I2C_WaitOnMasterAddressFlagUntilTimeout)
    I2C_WaitOnMasterAddressFlagUntilTimeout  0x0800360d   Thumb Code   136  stm32f4xx_hal_i2c.o(i.I2C_WaitOnMasterAddressFlagUntilTimeout)
    i.I2C_WaitOnRXNEFlagUntilTimeout         0x08003694   Section        0  stm32f4xx_hal_i2c.o(i.I2C_WaitOnRXNEFlagUntilTimeout)
    I2C_WaitOnRXNEFlagUntilTimeout           0x08003695   Thumb Code    98  stm32f4xx_hal_i2c.o(i.I2C_WaitOnRXNEFlagUntilTimeout)
    i.I2C_WaitOnTXEFlagUntilTimeout          0x080036f6   Section        0  stm32f4xx_hal_i2c.o(i.I2C_WaitOnTXEFlagUntilTimeout)
    I2C_WaitOnTXEFlagUntilTimeout            0x080036f7   Thumb Code    78  stm32f4xx_hal_i2c.o(i.I2C_WaitOnTXEFlagUntilTimeout)
    i.MX_ADC1_Init                           0x08003744   Section        0  main.o(i.MX_ADC1_Init)
    MX_ADC1_Init                             0x08003745   Thumb Code    84  main.o(i.MX_ADC1_Init)
    i.MX_CAN1_Init                           0x080037a4   Section        0  main.o(i.MX_CAN1_Init)
    MX_CAN1_Init                             0x080037a5   Thumb Code    36  main.o(i.MX_CAN1_Init)
    i.MX_GPIO_Init                           0x080037d0   Section        0  main.o(i.MX_GPIO_Init)
    MX_GPIO_Init                             0x080037d1   Thumb Code   118  main.o(i.MX_GPIO_Init)
    i.MX_TIM1_Init                           0x08003850   Section        0  main.o(i.MX_TIM1_Init)
    MX_TIM1_Init                             0x08003851   Thumb Code   156  main.o(i.MX_TIM1_Init)
    i.Map                                    0x080038f4   Section        0  leak.o(i.Map)
    i.MemManage_Handler                      0x08003904   Section        0  stm32f4xx_it.o(i.MemManage_Handler)
    i.NMI_Handler                            0x08003906   Section        0  stm32f4xx_it.o(i.NMI_Handler)
    i.NVIC_SetPriority                       0x08003908   Section        0  stm32f4xx_hal_cortex.o(i.NVIC_SetPriority)
    NVIC_SetPriority                         0x08003909   Thumb Code    32  stm32f4xx_hal_cortex.o(i.NVIC_SetPriority)
    i.PendSV_Handler                         0x08003928   Section        0  stm32f4xx_it.o(i.PendSV_Handler)
    i.SVC_Handler                            0x0800392a   Section        0  stm32f4xx_it.o(i.SVC_Handler)
    i.SetServoAngle                          0x0800392c   Section        0  servo.o(i.SetServoAngle)
    i.Si7021_read_all_params                 0x08003994   Section        0  si7021_driver.o(i.Si7021_read_all_params)
    i.SysTick_Handler                        0x08003a10   Section        0  stm32f4xx_it.o(i.SysTick_Handler)
    i.SystemClock_Config                     0x08003a14   Section        0  main.o(i.SystemClock_Config)
    i.SystemInit                             0x08003aa0   Section        0  system_stm32f4xx.o(i.SystemInit)
    i.TIM1_BRK_TIM9_IRQHandler               0x08003af4   Section        0  stm32f4xx_it.o(i.TIM1_BRK_TIM9_IRQHandler)
    i.TIM1_CC_IRQHandler                     0x08003b00   Section        0  stm32f4xx_it.o(i.TIM1_CC_IRQHandler)
    i.TIM1_TRG_COM_TIM11_IRQHandler          0x08003b0c   Section        0  stm32f4xx_it.o(i.TIM1_TRG_COM_TIM11_IRQHandler)
    i.TIM1_UP_TIM10_IRQHandler               0x08003b18   Section        0  stm32f4xx_it.o(i.TIM1_UP_TIM10_IRQHandler)
    i.TIM_Base_SetConfig                     0x08003b24   Section        0  stm32f4xx_hal_tim.o(i.TIM_Base_SetConfig)
    i.TIM_CCxChannelCmd                      0x08003be4   Section        0  stm32f4xx_hal_tim.o(i.TIM_CCxChannelCmd)
    i.TIM_ETR_SetConfig                      0x08003bfa   Section        0  stm32f4xx_hal_tim.o(i.TIM_ETR_SetConfig)
    TIM_ETR_SetConfig                        0x08003bfb   Thumb Code    20  stm32f4xx_hal_tim.o(i.TIM_ETR_SetConfig)
    i.TIM_ITRx_SetConfig                     0x08003c0e   Section        0  stm32f4xx_hal_tim.o(i.TIM_ITRx_SetConfig)
    TIM_ITRx_SetConfig                       0x08003c0f   Thumb Code    16  stm32f4xx_hal_tim.o(i.TIM_ITRx_SetConfig)
    i.TIM_OC1_SetConfig                      0x08003c20   Section        0  stm32f4xx_hal_tim.o(i.TIM_OC1_SetConfig)
    TIM_OC1_SetConfig                        0x08003c21   Thumb Code    80  stm32f4xx_hal_tim.o(i.TIM_OC1_SetConfig)
    i.TIM_OC2_SetConfig                      0x08003c78   Section        0  stm32f4xx_hal_tim.o(i.TIM_OC2_SetConfig)
    i.TIM_OC3_SetConfig                      0x08003cdc   Section        0  stm32f4xx_hal_tim.o(i.TIM_OC3_SetConfig)
    TIM_OC3_SetConfig                        0x08003cdd   Thumb Code    88  stm32f4xx_hal_tim.o(i.TIM_OC3_SetConfig)
    i.TIM_OC4_SetConfig                      0x08003d3c   Section        0  stm32f4xx_hal_tim.o(i.TIM_OC4_SetConfig)
    TIM_OC4_SetConfig                        0x08003d3d   Thumb Code    70  stm32f4xx_hal_tim.o(i.TIM_OC4_SetConfig)
    i.TIM_TI1_ConfigInputStage               0x08003d8c   Section        0  stm32f4xx_hal_tim.o(i.TIM_TI1_ConfigInputStage)
    TIM_TI1_ConfigInputStage                 0x08003d8d   Thumb Code    34  stm32f4xx_hal_tim.o(i.TIM_TI1_ConfigInputStage)
    i.TIM_TI2_ConfigInputStage               0x08003dae   Section        0  stm32f4xx_hal_tim.o(i.TIM_TI2_ConfigInputStage)
    TIM_TI2_ConfigInputStage                 0x08003daf   Thumb Code    36  stm32f4xx_hal_tim.o(i.TIM_TI2_ConfigInputStage)
    i.UART_SetConfig                         0x08003dd4   Section        0  stm32f4xx_hal_uart.o(i.UART_SetConfig)
    UART_SetConfig                           0x08003dd5   Thumb Code   676  stm32f4xx_hal_uart.o(i.UART_SetConfig)
    i.UART_WaitOnFlagUntilTimeout            0x08004080   Section        0  stm32f4xx_hal_uart.o(i.UART_WaitOnFlagUntilTimeout)
    UART_WaitOnFlagUntilTimeout              0x08004081   Thumb Code   100  stm32f4xx_hal_uart.o(i.UART_WaitOnFlagUntilTimeout)
    i.UsageFault_Handler                     0x080040e4   Section        0  stm32f4xx_it.o(i.UsageFault_Handler)
    i.__0sprintf                             0x080040e8   Section        0  printfa.o(i.__0sprintf)
    i.__scatterload_copy                     0x08004110   Section       14  handlers.o(i.__scatterload_copy)
    i.__scatterload_null                     0x0800411e   Section        2  handlers.o(i.__scatterload_null)
    i.__scatterload_zeroinit                 0x08004120   Section       14  handlers.o(i.__scatterload_zeroinit)
    i._fp_digits                             0x08004130   Section        0  printfa.o(i._fp_digits)
    _fp_digits                               0x08004131   Thumb Code   366  printfa.o(i._fp_digits)
    i._printf_core                           0x080042b4   Section        0  printfa.o(i._printf_core)
    _printf_core                             0x080042b5   Thumb Code  1744  printfa.o(i._printf_core)
    i._printf_post_padding                   0x08004990   Section        0  printfa.o(i._printf_post_padding)
    _printf_post_padding                     0x08004991   Thumb Code    36  printfa.o(i._printf_post_padding)
    i._printf_pre_padding                    0x080049b4   Section        0  printfa.o(i._printf_pre_padding)
    _printf_pre_padding                      0x080049b5   Thumb Code    46  printfa.o(i._printf_pre_padding)
    i._sputc                                 0x080049e2   Section        0  printfa.o(i._sputc)
    _sputc                                   0x080049e3   Thumb Code    10  printfa.o(i._sputc)
    i.constrain                              0x080049ec   Section        0  leak.o(i.constrain)
    i.get_humi_code                          0x080049fc   Section        0  si7021_driver.o(i.get_humi_code)
    get_humi_code                            0x080049fd   Thumb Code    82  si7021_driver.o(i.get_humi_code)
    i.get_temp_code                          0x08004a74   Section        0  si7021_driver.o(i.get_temp_code)
    get_temp_code                            0x08004a75   Thumb Code    52  si7021_driver.o(i.get_temp_code)
    i.main                                   0x08004ac0   Section        0  main.o(i.main)
    .constdata                               0x08004f5c   Section        8  stm32f4xx_hal_dma.o(.constdata)
    flagBitshiftOffset                       0x08004f5c   Data           8  stm32f4xx_hal_dma.o(.constdata)
    .constdata                               0x08004f64   Section       16  system_stm32f4xx.o(.constdata)
    .constdata                               0x08004f74   Section        8  system_stm32f4xx.o(.constdata)
    .data                                    0x20000000   Section       28  main.o(.data)
    .data                                    0x2000001c   Section       12  stm32f4xx_hal.o(.data)
    .data                                    0x20000028   Section        4  system_stm32f4xx.o(.data)
    .bss                                     0x2000002c   Section      692  main.o(.bss)
    .bss                                     0x200002e0   Section       96  main.o(.bss)
    STACK                                    0x20000340   Section     1024  startup_stm32f446xx.o(STACK)

    Global Symbols

    Symbol Name                              Value     Ov Type        Size  Object(Section)

    BuildAttributes$$THM_ISAv4$E$P$D$K$B$S$7EM$VFPi3$EXTD16$VFPS$VFMA$PE$A:L22UL41UL21$X:L11$S22US41US21$IEEE1$IW$USESV6$~STKCKD$USESV7$~SHL$OTIME$ROPI$EBA8$MICROLIB$REQ8$PRES8$EABIv2 0x00000000   Number         0  anon$$obj.o ABSOLUTE
    __ARM_use_no_argv                        0x00000000   Number         0  main.o ABSOLUTE
    _printf_a                                0x00000000   Number         0  stubs.o ABSOLUTE
    _printf_c                                0x00000000   Number         0  stubs.o ABSOLUTE
    _printf_charcount                        0x00000000   Number         0  stubs.o ABSOLUTE
    _printf_d                                0x00000000   Number         0  stubs.o ABSOLUTE
    _printf_e                                0x00000000   Number         0  stubs.o ABSOLUTE
    _printf_f                                0x00000000   Number         0  stubs.o ABSOLUTE
    _printf_flags                            0x00000000   Number         0  stubs.o ABSOLUTE
    _printf_fp_dec                           0x00000000   Number         0  stubs.o ABSOLUTE
    _printf_fp_hex                           0x00000000   Number         0  stubs.o ABSOLUTE
    _printf_g                                0x00000000   Number         0  stubs.o ABSOLUTE
    _printf_i                                0x00000000   Number         0  stubs.o ABSOLUTE
    _printf_int_dec                          0x00000000   Number         0  stubs.o ABSOLUTE
    _printf_l                                0x00000000   Number         0  stubs.o ABSOLUTE
    _printf_lc                               0x00000000   Number         0  stubs.o ABSOLUTE
    _printf_ll                               0x00000000   Number         0  stubs.o ABSOLUTE
    _printf_lld                              0x00000000   Number         0  stubs.o ABSOLUTE
    _printf_lli                              0x00000000   Number         0  stubs.o ABSOLUTE
    _printf_llo                              0x00000000   Number         0  stubs.o ABSOLUTE
    _printf_llu                              0x00000000   Number         0  stubs.o ABSOLUTE
    _printf_llx                              0x00000000   Number         0  stubs.o ABSOLUTE
    _printf_longlong_dec                     0x00000000   Number         0  stubs.o ABSOLUTE
    _printf_longlong_hex                     0x00000000   Number         0  stubs.o ABSOLUTE
    _printf_longlong_oct                     0x00000000   Number         0  stubs.o ABSOLUTE
    _printf_ls                               0x00000000   Number         0  stubs.o ABSOLUTE
    _printf_mbtowc                           0x00000000   Number         0  stubs.o ABSOLUTE
    _printf_n                                0x00000000   Number         0  stubs.o ABSOLUTE
    _printf_o                                0x00000000   Number         0  stubs.o ABSOLUTE
    _printf_p                                0x00000000   Number         0  stubs.o ABSOLUTE
    _printf_percent                          0x00000000   Number         0  stubs.o ABSOLUTE
    _printf_pre_padding                      0x00000000   Number         0  stubs.o ABSOLUTE
    _printf_return_value                     0x00000000   Number         0  stubs.o ABSOLUTE
    _printf_s                                0x00000000   Number         0  stubs.o ABSOLUTE
    _printf_sizespec                         0x00000000   Number         0  stubs.o ABSOLUTE
    _printf_str                              0x00000000   Number         0  stubs.o ABSOLUTE
    _printf_truncate_signed                  0x00000000   Number         0  stubs.o ABSOLUTE
    _printf_truncate_unsigned                0x00000000   Number         0  stubs.o ABSOLUTE
    _printf_u                                0x00000000   Number         0  stubs.o ABSOLUTE
    _printf_wc                               0x00000000   Number         0  stubs.o ABSOLUTE
    _printf_wctomb                           0x00000000   Number         0  stubs.o ABSOLUTE
    _printf_widthprec                        0x00000000   Number         0  stubs.o ABSOLUTE
    _printf_x                                0x00000000   Number         0  stubs.o ABSOLUTE
    __cpp_initialize__aeabi_                  - Undefined Weak Reference
    __cxa_finalize                            - Undefined Weak Reference
    __decompress                              - Undefined Weak Reference
    _clock_init                               - Undefined Weak Reference
    _microlib_exit                            - Undefined Weak Reference
    __Vectors_Size                           0x000001c4   Number         0  startup_stm32f446xx.o ABSOLUTE
    __Vectors                                0x08000000   Data           4  startup_stm32f446xx.o(RESET)
    __Vectors_End                            0x080001c4   Data           0  startup_stm32f446xx.o(RESET)
    __main                                   0x080001c5   Thumb Code     0  entry.o(.ARM.Collect$$$$00000000)
    _main_stk                                0x080001c5   Thumb Code     0  entry2.o(.ARM.Collect$$$$00000001)
    _main_scatterload                        0x080001c9   Thumb Code     0  entry5.o(.ARM.Collect$$$$00000004)
    __main_after_scatterload                 0x080001cd   Thumb Code     0  entry5.o(.ARM.Collect$$$$00000004)
    _main_clock                              0x080001cd   Thumb Code     0  entry7b.o(.ARM.Collect$$$$00000008)
    _main_cpp_init                           0x080001cd   Thumb Code     0  entry8b.o(.ARM.Collect$$$$0000000A)
    _main_init                               0x080001cd   Thumb Code     0  entry9a.o(.ARM.Collect$$$$0000000B)
    __rt_final_cpp                           0x080001d5   Thumb Code     0  entry10a.o(.ARM.Collect$$$$0000000D)
    __rt_final_exit                          0x080001d5   Thumb Code     0  entry11a.o(.ARM.Collect$$$$0000000F)
    Reset_Handler                            0x080001d9   Thumb Code     8  startup_stm32f446xx.o(.text)
    CAN1_RX0_IRQHandler                      0x080001f3   Thumb Code     0  startup_stm32f446xx.o(.text)
    CAN1_RX1_IRQHandler                      0x080001f3   Thumb Code     0  startup_stm32f446xx.o(.text)
    CAN1_SCE_IRQHandler                      0x080001f3   Thumb Code     0  startup_stm32f446xx.o(.text)
    CAN1_TX_IRQHandler                       0x080001f3   Thumb Code     0  startup_stm32f446xx.o(.text)
    CAN2_RX0_IRQHandler                      0x080001f3   Thumb Code     0  startup_stm32f446xx.o(.text)
    CAN2_RX1_IRQHandler                      0x080001f3   Thumb Code     0  startup_stm32f446xx.o(.text)
    CAN2_SCE_IRQHandler                      0x080001f3   Thumb Code     0  startup_stm32f446xx.o(.text)
    CAN2_TX_IRQHandler                       0x080001f3   Thumb Code     0  startup_stm32f446xx.o(.text)
    CEC_IRQHandler                           0x080001f3   Thumb Code     0  startup_stm32f446xx.o(.text)
    DCMI_IRQHandler                          0x080001f3   Thumb Code     0  startup_stm32f446xx.o(.text)
    DMA1_Stream0_IRQHandler                  0x080001f3   Thumb Code     0  startup_stm32f446xx.o(.text)
    DMA1_Stream1_IRQHandler                  0x080001f3   Thumb Code     0  startup_stm32f446xx.o(.text)
    DMA1_Stream2_IRQHandler                  0x080001f3   Thumb Code     0  startup_stm32f446xx.o(.text)
    DMA1_Stream3_IRQHandler                  0x080001f3   Thumb Code     0  startup_stm32f446xx.o(.text)
    DMA1_Stream4_IRQHandler                  0x080001f3   Thumb Code     0  startup_stm32f446xx.o(.text)
    DMA1_Stream5_IRQHandler                  0x080001f3   Thumb Code     0  startup_stm32f446xx.o(.text)
    DMA1_Stream6_IRQHandler                  0x080001f3   Thumb Code     0  startup_stm32f446xx.o(.text)
    DMA1_Stream7_IRQHandler                  0x080001f3   Thumb Code     0  startup_stm32f446xx.o(.text)
    DMA2_Stream1_IRQHandler                  0x080001f3   Thumb Code     0  startup_stm32f446xx.o(.text)
    DMA2_Stream2_IRQHandler                  0x080001f3   Thumb Code     0  startup_stm32f446xx.o(.text)
    DMA2_Stream3_IRQHandler                  0x080001f3   Thumb Code     0  startup_stm32f446xx.o(.text)
    DMA2_Stream4_IRQHandler                  0x080001f3   Thumb Code     0  startup_stm32f446xx.o(.text)
    DMA2_Stream5_IRQHandler                  0x080001f3   Thumb Code     0  startup_stm32f446xx.o(.text)
    DMA2_Stream6_IRQHandler                  0x080001f3   Thumb Code     0  startup_stm32f446xx.o(.text)
    DMA2_Stream7_IRQHandler                  0x080001f3   Thumb Code     0  startup_stm32f446xx.o(.text)
    EXTI0_IRQHandler                         0x080001f3   Thumb Code     0  startup_stm32f446xx.o(.text)
    EXTI15_10_IRQHandler                     0x080001f3   Thumb Code     0  startup_stm32f446xx.o(.text)
    EXTI1_IRQHandler                         0x080001f3   Thumb Code     0  startup_stm32f446xx.o(.text)
    EXTI2_IRQHandler                         0x080001f3   Thumb Code     0  startup_stm32f446xx.o(.text)
    EXTI3_IRQHandler                         0x080001f3   Thumb Code     0  startup_stm32f446xx.o(.text)
    EXTI4_IRQHandler                         0x080001f3   Thumb Code     0  startup_stm32f446xx.o(.text)
    EXTI9_5_IRQHandler                       0x080001f3   Thumb Code     0  startup_stm32f446xx.o(.text)
    FLASH_IRQHandler                         0x080001f3   Thumb Code     0  startup_stm32f446xx.o(.text)
    FMC_IRQHandler                           0x080001f3   Thumb Code     0  startup_stm32f446xx.o(.text)
    FPU_IRQHandler                           0x080001f3   Thumb Code     0  startup_stm32f446xx.o(.text)
    I2C1_ER_IRQHandler                       0x080001f3   Thumb Code     0  startup_stm32f446xx.o(.text)
    I2C1_EV_IRQHandler                       0x080001f3   Thumb Code     0  startup_stm32f446xx.o(.text)
    I2C2_ER_IRQHandler                       0x080001f3   Thumb Code     0  startup_stm32f446xx.o(.text)
    I2C2_EV_IRQHandler                       0x080001f3   Thumb Code     0  startup_stm32f446xx.o(.text)
    I2C3_ER_IRQHandler                       0x080001f3   Thumb Code     0  startup_stm32f446xx.o(.text)
    I2C3_EV_IRQHandler                       0x080001f3   Thumb Code     0  startup_stm32f446xx.o(.text)
    I2C4_Error_IRQHandler                    0x080001f3   Thumb Code     0  startup_stm32f446xx.o(.text)
    I2C4_Event_IRQHandler                    0x080001f3   Thumb Code     0  startup_stm32f446xx.o(.text)
    OTG_FS_IRQHandler                        0x080001f3   Thumb Code     0  startup_stm32f446xx.o(.text)
    OTG_FS_WKUP_IRQHandler                   0x080001f3   Thumb Code     0  startup_stm32f446xx.o(.text)
    OTG_HS_EP1_IN_IRQHandler                 0x080001f3   Thumb Code     0  startup_stm32f446xx.o(.text)
    OTG_HS_EP1_OUT_IRQHandler                0x080001f3   Thumb Code     0  startup_stm32f446xx.o(.text)
    OTG_HS_IRQHandler                        0x080001f3   Thumb Code     0  startup_stm32f446xx.o(.text)
    OTG_HS_WKUP_IRQHandler                   0x080001f3   Thumb Code     0  startup_stm32f446xx.o(.text)
    PVD_IRQHandler                           0x080001f3   Thumb Code     0  startup_stm32f446xx.o(.text)
    QUADSPI_IRQHandler                       0x080001f3   Thumb Code     0  startup_stm32f446xx.o(.text)
    RCC_IRQHandler                           0x080001f3   Thumb Code     0  startup_stm32f446xx.o(.text)
    RTC_Alarm_IRQHandler                     0x080001f3   Thumb Code     0  startup_stm32f446xx.o(.text)
    RTC_WKUP_IRQHandler                      0x080001f3   Thumb Code     0  startup_stm32f446xx.o(.text)
    SAI1_IRQHandler                          0x080001f3   Thumb Code     0  startup_stm32f446xx.o(.text)
    SAI2_IRQHandler                          0x080001f3   Thumb Code     0  startup_stm32f446xx.o(.text)
    SDIO_IRQHandler                          0x080001f3   Thumb Code     0  startup_stm32f446xx.o(.text)
    SPDIF_RX_IRQHandler                      0x080001f3   Thumb Code     0  startup_stm32f446xx.o(.text)
    SPI1_IRQHandler                          0x080001f3   Thumb Code     0  startup_stm32f446xx.o(.text)
    SPI2_IRQHandler                          0x080001f3   Thumb Code     0  startup_stm32f446xx.o(.text)
    SPI3_IRQHandler                          0x080001f3   Thumb Code     0  startup_stm32f446xx.o(.text)
    SPI4_IRQHandler                          0x080001f3   Thumb Code     0  startup_stm32f446xx.o(.text)
    TAMP_STAMP_IRQHandler                    0x080001f3   Thumb Code     0  startup_stm32f446xx.o(.text)
    TIM2_IRQHandler                          0x080001f3   Thumb Code     0  startup_stm32f446xx.o(.text)
    TIM3_IRQHandler                          0x080001f3   Thumb Code     0  startup_stm32f446xx.o(.text)
    TIM4_IRQHandler                          0x080001f3   Thumb Code     0  startup_stm32f446xx.o(.text)
    TIM5_IRQHandler                          0x080001f3   Thumb Code     0  startup_stm32f446xx.o(.text)
    TIM6_DAC_IRQHandler                      0x080001f3   Thumb Code     0  startup_stm32f446xx.o(.text)
    TIM7_IRQHandler                          0x080001f3   Thumb Code     0  startup_stm32f446xx.o(.text)
    TIM8_BRK_TIM12_IRQHandler                0x080001f3   Thumb Code     0  startup_stm32f446xx.o(.text)
    TIM8_CC_IRQHandler                       0x080001f3   Thumb Code     0  startup_stm32f446xx.o(.text)
    TIM8_TRG_COM_TIM14_IRQHandler            0x080001f3   Thumb Code     0  startup_stm32f446xx.o(.text)
    TIM8_UP_TIM13_IRQHandler                 0x080001f3   Thumb Code     0  startup_stm32f446xx.o(.text)
    UART4_IRQHandler                         0x080001f3   Thumb Code     0  startup_stm32f446xx.o(.text)
    UART5_IRQHandler                         0x080001f3   Thumb Code     0  startup_stm32f446xx.o(.text)
    USART1_IRQHandler                        0x080001f3   Thumb Code     0  startup_stm32f446xx.o(.text)
    USART2_IRQHandler                        0x080001f3   Thumb Code     0  startup_stm32f446xx.o(.text)
    USART3_IRQHandler                        0x080001f3   Thumb Code     0  startup_stm32f446xx.o(.text)
    USART6_IRQHandler                        0x080001f3   Thumb Code     0  startup_stm32f446xx.o(.text)
    WWDG_IRQHandler                          0x080001f3   Thumb Code     0  startup_stm32f446xx.o(.text)
    __aeabi_uldivmod                         0x080001fd   Thumb Code    98  uldiv.o(.text)
    __aeabi_ldivmod                          0x0800025f   Thumb Code    98  ldiv.o(.text)
    __aeabi_memset                           0x080002c1   Thumb Code    14  memseta.o(.text)
    __aeabi_memset4                          0x080002c1   Thumb Code     0  memseta.o(.text)
    __aeabi_memset8                          0x080002c1   Thumb Code     0  memseta.o(.text)
    __aeabi_memclr                           0x080002cf   Thumb Code     4  memseta.o(.text)
    __aeabi_memclr4                          0x080002cf   Thumb Code     0  memseta.o(.text)
    __aeabi_memclr8                          0x080002cf   Thumb Code     0  memseta.o(.text)
    _memset$wrapper                          0x080002d3   Thumb Code    18  memseta.o(.text)
    __aeabi_dadd                             0x080002e5   Thumb Code   322  dadd.o(.text)
    __aeabi_dsub                             0x08000427   Thumb Code     6  dadd.o(.text)
    __aeabi_drsub                            0x0800042d   Thumb Code     6  dadd.o(.text)
    __aeabi_dmul                             0x08000433   Thumb Code   228  dmul.o(.text)
    __aeabi_ui2d                             0x08000517   Thumb Code    26  dfltui.o(.text)
    __aeabi_f2d                              0x08000531   Thumb Code    38  f2d.o(.text)
    __aeabi_d2f                              0x08000557   Thumb Code    56  d2f.o(.text)
    __aeabi_uidiv                            0x0800058f   Thumb Code     0  uidiv.o(.text)
    __aeabi_uidivmod                         0x0800058f   Thumb Code    44  uidiv.o(.text)
    __aeabi_llsl                             0x080005bb   Thumb Code    30  llshl.o(.text)
    _ll_shift_l                              0x080005bb   Thumb Code     0  llshl.o(.text)
    __aeabi_llsr                             0x080005d9   Thumb Code    32  llushr.o(.text)
    _ll_ushift_r                             0x080005d9   Thumb Code     0  llushr.o(.text)
    __aeabi_lasr                             0x080005f9   Thumb Code    36  llsshr.o(.text)
    _ll_sshift_r                             0x080005f9   Thumb Code     0  llsshr.o(.text)
    __I$use$fp                               0x0800061d   Thumb Code     0  iusefp.o(.text)
    _float_round                             0x0800061d   Thumb Code    18  fepilogue.o(.text)
    _float_epilogue                          0x0800062f   Thumb Code    92  fepilogue.o(.text)
    _double_round                            0x0800068b   Thumb Code    30  depilogue.o(.text)
    _double_epilogue                         0x080006a9   Thumb Code   156  depilogue.o(.text)
    __aeabi_ddiv                             0x08000745   Thumb Code   222  ddiv.o(.text)
    __aeabi_d2ulz                            0x08000823   Thumb Code    48  dfixul.o(.text)
    __aeabi_cdrcmple                         0x08000855   Thumb Code    48  cdrcmple.o(.text)
    __scatterload                            0x08000885   Thumb Code    28  init.o(.text)
    __scatterload_rt2                        0x08000885   Thumb Code     0  init.o(.text)
    ADC_IRQHandler                           0x080008a9   Thumb Code     6  stm32f4xx_it.o(i.ADC_IRQHandler)
    BMP280_init                              0x08000b35   Thumb Code   200  bmp280_driver.o(i.BMP280_init)
    BMP280_init_default_params               0x08000bfd   Thumb Code    18  bmp280_driver.o(i.BMP280_init_default_params)
    BMP280_read_all_params_fixed             0x08000c0f   Thumb Code   270  bmp280_driver.o(i.BMP280_read_all_params_fixed)
    BMP280_read_all_params_float             0x08000d1d   Thumb Code    94  bmp280_driver.o(i.BMP280_read_all_params_float)
    BusFault_Handler                         0x08000f41   Thumb Code     2  stm32f4xx_it.o(i.BusFault_Handler)
    DMA2_Stream0_IRQHandler                  0x08000f45   Thumb Code     6  stm32f4xx_it.o(i.DMA2_Stream0_IRQHandler)
    DebugMon_Handler                         0x08000fcd   Thumb Code     2  stm32f4xx_it.o(i.DebugMon_Handler)
    Error_Handler                            0x08000fcf   Thumb Code     2  main.o(i.Error_Handler)
    GetLeakSensorValue                       0x08000fd1   Thumb Code    88  leak.o(i.GetLeakSensorValue)
    HAL_ADCEx_InjectedConvCpltCallback       0x0800102d   Thumb Code     2  stm32f4xx_hal_adc_ex.o(i.HAL_ADCEx_InjectedConvCpltCallback)
    HAL_ADC_ConfigChannel                    0x08001031   Thumb Code   318  stm32f4xx_hal_adc.o(i.HAL_ADC_ConfigChannel)
    HAL_ADC_ConvCpltCallback                 0x08001185   Thumb Code     2  stm32f4xx_hal_adc.o(i.HAL_ADC_ConvCpltCallback)
    HAL_ADC_ErrorCallback                    0x08001187   Thumb Code     2  stm32f4xx_hal_adc.o(i.HAL_ADC_ErrorCallback)
    HAL_ADC_GetValue                         0x08001189   Thumb Code     6  stm32f4xx_hal_adc.o(i.HAL_ADC_GetValue)
    HAL_ADC_IRQHandler                       0x0800118f   Thumb Code   316  stm32f4xx_hal_adc.o(i.HAL_ADC_IRQHandler)
    HAL_ADC_Init                             0x080012cb   Thumb Code    84  stm32f4xx_hal_adc.o(i.HAL_ADC_Init)
    HAL_ADC_LevelOutOfWindowCallback         0x0800131f   Thumb Code     2  stm32f4xx_hal_adc.o(i.HAL_ADC_LevelOutOfWindowCallback)
    HAL_ADC_MspInit                          0x08001321   Thumb Code   146  stm32f4xx_hal_msp.o(i.HAL_ADC_MspInit)
    HAL_ADC_PollForConversion                0x080013c9   Thumb Code   162  stm32f4xx_hal_adc.o(i.HAL_ADC_PollForConversion)
    HAL_ADC_Start                            0x0800146d   Thumb Code   170  stm32f4xx_hal_adc.o(i.HAL_ADC_Start)
    HAL_ADC_Stop                             0x08001529   Thumb Code    60  stm32f4xx_hal_adc.o(i.HAL_ADC_Stop)
    HAL_CAN_AddTxMessage                     0x08001565   Thumb Code   200  stm32f4xx_hal_can.o(i.HAL_CAN_AddTxMessage)
    HAL_CAN_Init                             0x0800162d   Thumb Code   282  stm32f4xx_hal_can.o(i.HAL_CAN_Init)
    HAL_CAN_MspInit                          0x08001749   Thumb Code    94  stm32f4xx_hal_msp.o(i.HAL_CAN_MspInit)
    HAL_CAN_Start                            0x080017b5   Thumb Code    88  stm32f4xx_hal_can.o(i.HAL_CAN_Start)
    HAL_DMA_IRQHandler                       0x0800180d   Thumb Code   412  stm32f4xx_hal_dma.o(i.HAL_DMA_IRQHandler)
    HAL_DMA_Init                             0x080019ad   Thumb Code   206  stm32f4xx_hal_dma.o(i.HAL_DMA_Init)
    HAL_Delay                                0x08001a81   Thumb Code    32  stm32f4xx_hal.o(i.HAL_Delay)
    HAL_GPIO_Init                            0x08001aa5   Thumb Code   378  stm32f4xx_hal_gpio.o(i.HAL_GPIO_Init)
    HAL_GPIO_TogglePin                       0x08001c49   Thumb Code     8  stm32f4xx_hal_gpio.o(i.HAL_GPIO_TogglePin)
    HAL_GPIO_WritePin                        0x08001c51   Thumb Code    10  stm32f4xx_hal_gpio.o(i.HAL_GPIO_WritePin)
    HAL_GetTick                              0x08001c5d   Thumb Code     6  stm32f4xx_hal.o(i.HAL_GetTick)
    HAL_I2C_Init                             0x08001c69   Thumb Code   254  stm32f4xx_hal_i2c.o(i.HAL_I2C_Init)
    HAL_I2C_Master_Receive                   0x08001d71   Thumb Code   474  stm32f4xx_hal_i2c.o(i.HAL_I2C_Master_Receive)
    HAL_I2C_Master_Transmit                  0x08001f59   Thumb Code   304  stm32f4xx_hal_i2c.o(i.HAL_I2C_Master_Transmit)
    HAL_I2C_Mem_Read                         0x08002091   Thumb Code   496  stm32f4xx_hal_i2c.o(i.HAL_I2C_Mem_Read)
    HAL_I2C_Mem_Write                        0x0800228d   Thumb Code   306  stm32f4xx_hal_i2c.o(i.HAL_I2C_Mem_Write)
    HAL_I2C_MspInit                          0x080023c9   Thumb Code    92  stm32f4xx_hal_msp.o(i.HAL_I2C_MspInit)
    HAL_IncTick                              0x08002431   Thumb Code    12  stm32f4xx_hal.o(i.HAL_IncTick)
    HAL_Init                                 0x08002441   Thumb Code    48  stm32f4xx_hal.o(i.HAL_Init)
    HAL_InitTick                             0x08002475   Thumb Code    54  stm32f4xx_hal.o(i.HAL_InitTick)
    HAL_MspInit                              0x080024b5   Thumb Code    48  stm32f4xx_hal_msp.o(i.HAL_MspInit)
    HAL_NVIC_EnableIRQ                       0x080024e9   Thumb Code    22  stm32f4xx_hal_cortex.o(i.HAL_NVIC_EnableIRQ)
    HAL_NVIC_SetPriority                     0x08002501   Thumb Code    60  stm32f4xx_hal_cortex.o(i.HAL_NVIC_SetPriority)
    HAL_NVIC_SetPriorityGrouping             0x08002541   Thumb Code    26  stm32f4xx_hal_cortex.o(i.HAL_NVIC_SetPriorityGrouping)
    HAL_PWREx_EnableOverDrive                0x08002565   Thumb Code    98  stm32f4xx_hal_pwr_ex.o(i.HAL_PWREx_EnableOverDrive)
    HAL_RCC_ClockConfig                      0x080025d5   Thumb Code   286  stm32f4xx_hal_rcc.o(i.HAL_RCC_ClockConfig)
    HAL_RCC_GetPCLK1Freq                     0x08002705   Thumb Code    20  stm32f4xx_hal_rcc.o(i.HAL_RCC_GetPCLK1Freq)
    HAL_RCC_GetPCLK2Freq                     0x08002725   Thumb Code    20  stm32f4xx_hal_rcc.o(i.HAL_RCC_GetPCLK2Freq)
    HAL_RCC_GetSysClockFreq                  0x08002745   Thumb Code   102  stm32f4xx_hal_rcc_ex.o(i.HAL_RCC_GetSysClockFreq)
    HAL_RCC_OscConfig                        0x080027b5   Thumb Code   814  stm32f4xx_hal_rcc_ex.o(i.HAL_RCC_OscConfig)
    HAL_SYSTICK_Config                       0x08002af9   Thumb Code    40  stm32f4xx_hal_cortex.o(i.HAL_SYSTICK_Config)
    HAL_TIMEx_BreakCallback                  0x08002b21   Thumb Code     2  stm32f4xx_hal_tim_ex.o(i.HAL_TIMEx_BreakCallback)
    HAL_TIMEx_CommutationCallback            0x08002b23   Thumb Code     2  stm32f4xx_hal_tim_ex.o(i.HAL_TIMEx_CommutationCallback)
    HAL_TIMEx_ConfigBreakDeadTime            0x08002b25   Thumb Code    90  stm32f4xx_hal_tim_ex.o(i.HAL_TIMEx_ConfigBreakDeadTime)
    HAL_TIMEx_MasterConfigSynchronization    0x08002b7f   Thumb Code    80  stm32f4xx_hal_tim_ex.o(i.HAL_TIMEx_MasterConfigSynchronization)
    HAL_TIM_Base_Init                        0x08002bcf   Thumb Code    54  stm32f4xx_hal_tim.o(i.HAL_TIM_Base_Init)
    HAL_TIM_Base_MspInit                     0x08002c05   Thumb Code    98  stm32f4xx_hal_msp.o(i.HAL_TIM_Base_MspInit)
    HAL_TIM_ConfigClockSource                0x08002c71   Thumb Code   242  stm32f4xx_hal_tim.o(i.HAL_TIM_ConfigClockSource)
    HAL_TIM_IC_CaptureCallback               0x08002d63   Thumb Code     2  stm32f4xx_hal_tim.o(i.HAL_TIM_IC_CaptureCallback)
    HAL_TIM_IRQHandler                       0x08002d65   Thumb Code   358  stm32f4xx_hal_tim.o(i.HAL_TIM_IRQHandler)
    HAL_TIM_MspPostInit                      0x08002ecd   Thumb Code    72  stm32f4xx_hal_msp.o(i.HAL_TIM_MspPostInit)
    HAL_TIM_OC_DelayElapsedCallback          0x08002f21   Thumb Code     2  stm32f4xx_hal_tim.o(i.HAL_TIM_OC_DelayElapsedCallback)
    HAL_TIM_PWM_ConfigChannel                0x08002f23   Thumb Code   208  stm32f4xx_hal_tim.o(i.HAL_TIM_PWM_ConfigChannel)
    HAL_TIM_PWM_Init                         0x08002ff3   Thumb Code    54  stm32f4xx_hal_tim.o(i.HAL_TIM_PWM_Init)
    HAL_TIM_PWM_MspInit                      0x08003029   Thumb Code     2  stm32f4xx_hal_tim.o(i.HAL_TIM_PWM_MspInit)
    HAL_TIM_PWM_PulseFinishedCallback        0x0800302b   Thumb Code     2  stm32f4xx_hal_tim.o(i.HAL_TIM_PWM_PulseFinishedCallback)
    HAL_TIM_PWM_Start                        0x0800302d   Thumb Code    48  stm32f4xx_hal_tim.o(i.HAL_TIM_PWM_Start)
    HAL_TIM_PeriodElapsedCallback            0x08003065   Thumb Code     2  stm32f4xx_hal_tim.o(i.HAL_TIM_PeriodElapsedCallback)
    HAL_TIM_TriggerCallback                  0x08003067   Thumb Code     2  stm32f4xx_hal_tim.o(i.HAL_TIM_TriggerCallback)
    HAL_UART_Init                            0x08003069   Thumb Code    98  stm32f4xx_hal_uart.o(i.HAL_UART_Init)
    HAL_UART_MspInit                         0x080030cd   Thumb Code   146  stm32f4xx_hal_msp.o(i.HAL_UART_MspInit)
    HAL_UART_Transmit                        0x08003175   Thumb Code   186  stm32f4xx_hal_uart.o(i.HAL_UART_Transmit)
    HardFault_Handler                        0x0800322f   Thumb Code     2  stm32f4xx_it.o(i.HardFault_Handler)
    Map                                      0x080038f5   Thumb Code    16  leak.o(i.Map)
    MemManage_Handler                        0x08003905   Thumb Code     2  stm32f4xx_it.o(i.MemManage_Handler)
    NMI_Handler                              0x08003907   Thumb Code     2  stm32f4xx_it.o(i.NMI_Handler)
    PendSV_Handler                           0x08003929   Thumb Code     2  stm32f4xx_it.o(i.PendSV_Handler)
    SVC_Handler                              0x0800392b   Thumb Code     2  stm32f4xx_it.o(i.SVC_Handler)
    SetServoAngle                            0x0800392d   Thumb Code   100  servo.o(i.SetServoAngle)
    Si7021_read_all_params                   0x08003995   Thumb Code   124  si7021_driver.o(i.Si7021_read_all_params)
    SysTick_Handler                          0x08003a11   Thumb Code     4  stm32f4xx_it.o(i.SysTick_Handler)
    SystemClock_Config                       0x08003a15   Thumb Code   132  main.o(i.SystemClock_Config)
    SystemInit                               0x08003aa1   Thumb Code    66  system_stm32f4xx.o(i.SystemInit)
    TIM1_BRK_TIM9_IRQHandler                 0x08003af5   Thumb Code     6  stm32f4xx_it.o(i.TIM1_BRK_TIM9_IRQHandler)
    TIM1_CC_IRQHandler                       0x08003b01   Thumb Code     6  stm32f4xx_it.o(i.TIM1_CC_IRQHandler)
    TIM1_TRG_COM_TIM11_IRQHandler            0x08003b0d   Thumb Code     6  stm32f4xx_it.o(i.TIM1_TRG_COM_TIM11_IRQHandler)
    TIM1_UP_TIM10_IRQHandler                 0x08003b19   Thumb Code     6  stm32f4xx_it.o(i.TIM1_UP_TIM10_IRQHandler)
    TIM_Base_SetConfig                       0x08003b25   Thumb Code   148  stm32f4xx_hal_tim.o(i.TIM_Base_SetConfig)
    TIM_CCxChannelCmd                        0x08003be5   Thumb Code    22  stm32f4xx_hal_tim.o(i.TIM_CCxChannelCmd)
    TIM_OC2_SetConfig                        0x08003c79   Thumb Code    90  stm32f4xx_hal_tim.o(i.TIM_OC2_SetConfig)
    UsageFault_Handler                       0x080040e5   Thumb Code     2  stm32f4xx_it.o(i.UsageFault_Handler)
    __0sprintf                               0x080040e9   Thumb Code    34  printfa.o(i.__0sprintf)
    __1sprintf                               0x080040e9   Thumb Code     0  printfa.o(i.__0sprintf)
    __2sprintf                               0x080040e9   Thumb Code     0  printfa.o(i.__0sprintf)
    __c89sprintf                             0x080040e9   Thumb Code     0  printfa.o(i.__0sprintf)
    sprintf                                  0x080040e9   Thumb Code     0  printfa.o(i.__0sprintf)
    __scatterload_copy                       0x08004111   Thumb Code    14  handlers.o(i.__scatterload_copy)
    __scatterload_null                       0x0800411f   Thumb Code     2  handlers.o(i.__scatterload_null)
    __scatterload_zeroinit                   0x08004121   Thumb Code    14  handlers.o(i.__scatterload_zeroinit)
    constrain                                0x080049ed   Thumb Code    16  leak.o(i.constrain)
    main                                     0x08004ac1   Thumb Code   790  main.o(i.main)
    AHBPrescTable                            0x08004f64   Data          16  system_stm32f4xx.o(.constdata)
    APBPrescTable                            0x08004f74   Data           8  system_stm32f4xx.o(.constdata)
    Region$$Table$$Base                      0x08004f7c   Number         0  anon$$obj.o(Region$$Table)
    Region$$Table$$Limit                     0x08004f9c   Number         0  anon$$obj.o(Region$$Table)
    size                                     0x20000000   Data           2  main.o(.data)
    si7021                                   0x20000004   Data           4  main.o(.data)
    si7021_temperature                       0x20000008   Data           4  main.o(.data)
    si7021_humidity                          0x2000000c   Data           4  main.o(.data)
    bmp280_pressure                          0x20000010   Data           4  main.o(.data)
    bmp280_temperature                       0x20000014   Data           4  main.o(.data)
    bmp280_humidity                          0x20000018   Data           4  main.o(.data)
    uwTickFreq                               0x2000001c   Data           1  stm32f4xx_hal.o(.data)
    uwTickPrio                               0x20000020   Data           4  stm32f4xx_hal.o(.data)
    uwTick                                   0x20000024   Data           4  stm32f4xx_hal.o(.data)
    SystemCoreClock                          0x20000028   Data           4  system_stm32f4xx.o(.data)
    hadc1                                    0x2000002c   Data          72  main.o(.bss)
    hcan1                                    0x20000074   Data          40  main.o(.bss)
    hi2c1                                    0x2000009c   Data          84  main.o(.bss)
    htim1                                    0x200000f0   Data          60  main.o(.bss)
    huart2                                   0x2000012c   Data          64  main.o(.bss)
    huart6                                   0x2000016c   Data          64  main.o(.bss)
    bmp280                                   0x200001ac   Data          52  main.o(.bss)
    Data                                     0x200001e0   Data         256  main.o(.bss)
    hdma_adc1                                0x200002e0   Data          96  main.o(.bss)
    __initial_sp                             0x20000740   Data           0  startup_stm32f446xx.o(STACK)



==============================================================================

Memory Map of the image

  Image Entry point : 0x080001c5

  Load Region LR_IROM1 (Base: 0x08000000, Size: 0x00004fc8, Max: 0x00080000, ABSOLUTE)

    Execution Region ER_IROM1 (Exec base: 0x08000000, Load base: 0x08000000, Size: 0x00004f9c, Max: 0x00080000, ABSOLUTE)

    Exec Addr    Load Addr    Size         Type   Attr      Idx    E Section Name        Object

    0x08000000   0x08000000   0x000001c4   Data   RO            3    RESET               startup_stm32f446xx.o
    0x080001c4   0x080001c4   0x00000000   Code   RO         3896  * .ARM.Collect$$$$00000000  mc_w.l(entry.o)
    0x080001c4   0x080001c4   0x00000004   Code   RO         4176    .ARM.Collect$$$$00000001  mc_w.l(entry2.o)
    0x080001c8   0x080001c8   0x00000004   Code   RO         4179    .ARM.Collect$$$$00000004  mc_w.l(entry5.o)
    0x080001cc   0x080001cc   0x00000000   Code   RO         4181    .ARM.Collect$$$$00000008  mc_w.l(entry7b.o)
    0x080001cc   0x080001cc   0x00000000   Code   RO         4183    .ARM.Collect$$$$0000000A  mc_w.l(entry8b.o)
    0x080001cc   0x080001cc   0x00000008   Code   RO         4184    .ARM.Collect$$$$0000000B  mc_w.l(entry9a.o)
    0x080001d4   0x080001d4   0x00000000   Code   RO         4186    .ARM.Collect$$$$0000000D  mc_w.l(entry10a.o)
    0x080001d4   0x080001d4   0x00000000   Code   RO         4188    .ARM.Collect$$$$0000000F  mc_w.l(entry11a.o)
    0x080001d4   0x080001d4   0x00000004   Code   RO         4177    .ARM.Collect$$$$00002712  mc_w.l(entry2.o)
    0x080001d8   0x080001d8   0x00000024   Code   RO            4    .text               startup_stm32f446xx.o
    0x080001fc   0x080001fc   0x00000062   Code   RO         3899    .text               mc_w.l(uldiv.o)
    0x0800025e   0x0800025e   0x00000062   Code   RO         3901    .text               mc_w.l(ldiv.o)
    0x080002c0   0x080002c0   0x00000024   Code   RO         3903    .text               mc_w.l(memseta.o)
    0x080002e4   0x080002e4   0x0000014e   Code   RO         4166    .text               mf_w.l(dadd.o)
    0x08000432   0x08000432   0x000000e4   Code   RO         4168    .text               mf_w.l(dmul.o)
    0x08000516   0x08000516   0x0000001a   Code   RO         4170    .text               mf_w.l(dfltui.o)
    0x08000530   0x08000530   0x00000026   Code   RO         4172    .text               mf_w.l(f2d.o)
    0x08000556   0x08000556   0x00000038   Code   RO         4174    .text               mf_w.l(d2f.o)
    0x0800058e   0x0800058e   0x0000002c   Code   RO         4193    .text               mc_w.l(uidiv.o)
    0x080005ba   0x080005ba   0x0000001e   Code   RO         4195    .text               mc_w.l(llshl.o)
    0x080005d8   0x080005d8   0x00000020   Code   RO         4197    .text               mc_w.l(llushr.o)
    0x080005f8   0x080005f8   0x00000024   Code   RO         4199    .text               mc_w.l(llsshr.o)
    0x0800061c   0x0800061c   0x00000000   Code   RO         4201    .text               mc_w.l(iusefp.o)
    0x0800061c   0x0800061c   0x0000006e   Code   RO         4202    .text               mf_w.l(fepilogue.o)
    0x0800068a   0x0800068a   0x000000ba   Code   RO         4204    .text               mf_w.l(depilogue.o)
    0x08000744   0x08000744   0x000000de   Code   RO         4206    .text               mf_w.l(ddiv.o)
    0x08000822   0x08000822   0x00000030   Code   RO         4208    .text               mf_w.l(dfixul.o)
    0x08000852   0x08000852   0x00000002   PAD
    0x08000854   0x08000854   0x00000030   Code   RO         4210    .text               mf_w.l(cdrcmple.o)
    0x08000884   0x08000884   0x00000024   Code   RO         4212    .text               mc_w.l(init.o)
    0x080008a8   0x080008a8   0x0000000c   Code   RO          378    i.ADC_IRQHandler    stm32f4xx_it.o
    0x080008b4   0x080008b4   0x00000124   Code   RO          584    i.ADC_Init          stm32f4xx_hal_adc.o
    0x080009d8   0x080009d8   0x0000015c   Code   RO          201    i.BMP280_compensate_pressure  bmp280_driver.o
    0x08000b34   0x08000b34   0x000000c8   Code   RO          202    i.BMP280_init       bmp280_driver.o
    0x08000bfc   0x08000bfc   0x00000012   Code   RO          203    i.BMP280_init_default_params  bmp280_driver.o
    0x08000c0e   0x08000c0e   0x0000010e   Code   RO          204    i.BMP280_read_all_params_fixed  bmp280_driver.o
    0x08000d1c   0x08000d1c   0x0000006c   Code   RO          205    i.BMP280_read_all_params_float  bmp280_driver.o
    0x08000d88   0x08000d88   0x000000b0   Code   RO          206    i.BMP280_read_calibration_data  bmp280_driver.o
    0x08000e38   0x08000e38   0x0000002a   Code   RO          207    i.BMP280_read_data  bmp280_driver.o
    0x08000e62   0x08000e62   0x00000078   Code   RO          208    i.BMP280_read_hum_calibration_data  bmp280_driver.o
    0x08000eda   0x08000eda   0x00000038   Code   RO          209    i.BMP280_read_register16  bmp280_driver.o
    0x08000f12   0x08000f12   0x0000002e   Code   RO          210    i.BMP280_write_register8  bmp280_driver.o
    0x08000f40   0x08000f40   0x00000002   Code   RO          379    i.BusFault_Handler  stm32f4xx_it.o
    0x08000f42   0x08000f42   0x00000002   PAD
    0x08000f44   0x08000f44   0x0000000c   Code   RO          380    i.DMA2_Stream0_IRQHandler  stm32f4xx_it.o
    0x08000f50   0x08000f50   0x00000028   Code   RO         3257    i.DMA_CalcBaseAndBitshift  stm32f4xx_hal_dma.o
    0x08000f78   0x08000f78   0x00000054   Code   RO         3258    i.DMA_CheckFifoParam  stm32f4xx_hal_dma.o
    0x08000fcc   0x08000fcc   0x00000002   Code   RO          381    i.DebugMon_Handler  stm32f4xx_it.o
    0x08000fce   0x08000fce   0x00000002   Code   RO          314    i.Error_Handler     main.o
    0x08000fd0   0x08000fd0   0x0000005c   Code   RO          276    i.GetLeakSensorValue  leak.o
    0x0800102c   0x0800102c   0x00000002   Code   RO          755    i.HAL_ADCEx_InjectedConvCpltCallback  stm32f4xx_hal_adc_ex.o
    0x0800102e   0x0800102e   0x00000002   PAD
    0x08001030   0x08001030   0x00000154   Code   RO          586    i.HAL_ADC_ConfigChannel  stm32f4xx_hal_adc.o
    0x08001184   0x08001184   0x00000002   Code   RO          587    i.HAL_ADC_ConvCpltCallback  stm32f4xx_hal_adc.o
    0x08001186   0x08001186   0x00000002   Code   RO          590    i.HAL_ADC_ErrorCallback  stm32f4xx_hal_adc.o
    0x08001188   0x08001188   0x00000006   Code   RO          593    i.HAL_ADC_GetValue  stm32f4xx_hal_adc.o
    0x0800118e   0x0800118e   0x0000013c   Code   RO          594    i.HAL_ADC_IRQHandler  stm32f4xx_hal_adc.o
    0x080012ca   0x080012ca   0x00000054   Code   RO          595    i.HAL_ADC_Init      stm32f4xx_hal_adc.o
    0x0800131e   0x0800131e   0x00000002   Code   RO          596    i.HAL_ADC_LevelOutOfWindowCallback  stm32f4xx_hal_adc.o
    0x08001320   0x08001320   0x000000a8   Code   RO          491    i.HAL_ADC_MspInit   stm32f4xx_hal_msp.o
    0x080013c8   0x080013c8   0x000000a2   Code   RO          599    i.HAL_ADC_PollForConversion  stm32f4xx_hal_adc.o
    0x0800146a   0x0800146a   0x00000002   PAD
    0x0800146c   0x0800146c   0x000000bc   Code   RO          601    i.HAL_ADC_Start     stm32f4xx_hal_adc.o
    0x08001528   0x08001528   0x0000003c   Code   RO          604    i.HAL_ADC_Stop      stm32f4xx_hal_adc.o
    0x08001564   0x08001564   0x000000c8   Code   RO          858    i.HAL_CAN_AddTxMessage  stm32f4xx_hal_can.o
    0x0800162c   0x0800162c   0x0000011a   Code   RO          870    i.HAL_CAN_Init      stm32f4xx_hal_can.o
    0x08001746   0x08001746   0x00000002   PAD
    0x08001748   0x08001748   0x0000006c   Code   RO          493    i.HAL_CAN_MspInit   stm32f4xx_hal_msp.o
    0x080017b4   0x080017b4   0x00000058   Code   RO          882    i.HAL_CAN_Start     stm32f4xx_hal_can.o
    0x0800180c   0x0800180c   0x000001a0   Code   RO         3265    i.HAL_DMA_IRQHandler  stm32f4xx_hal_dma.o
    0x080019ac   0x080019ac   0x000000d4   Code   RO         3266    i.HAL_DMA_Init      stm32f4xx_hal_dma.o
    0x08001a80   0x08001a80   0x00000024   Code   RO         3697    i.HAL_Delay         stm32f4xx_hal.o
    0x08001aa4   0x08001aa4   0x000001a4   Code   RO         3153    i.HAL_GPIO_Init     stm32f4xx_hal_gpio.o
    0x08001c48   0x08001c48   0x00000008   Code   RO         3156    i.HAL_GPIO_TogglePin  stm32f4xx_hal_gpio.o
    0x08001c50   0x08001c50   0x0000000a   Code   RO         3157    i.HAL_GPIO_WritePin  stm32f4xx_hal_gpio.o
    0x08001c5a   0x08001c5a   0x00000002   PAD
    0x08001c5c   0x08001c5c   0x0000000c   Code   RO         3703    i.HAL_GetTick       stm32f4xx_hal.o
    0x08001c68   0x08001c68   0x00000108   Code   RO         1101    i.HAL_I2C_Init      stm32f4xx_hal_i2c.o
    0x08001d70   0x08001d70   0x000001e8   Code   RO         1107    i.HAL_I2C_Master_Receive  stm32f4xx_hal_i2c.o
    0x08001f58   0x08001f58   0x00000138   Code   RO         1112    i.HAL_I2C_Master_Transmit  stm32f4xx_hal_i2c.o
    0x08002090   0x08002090   0x000001fc   Code   RO         1117    i.HAL_I2C_Mem_Read  stm32f4xx_hal_i2c.o
    0x0800228c   0x0800228c   0x0000013c   Code   RO         1120    i.HAL_I2C_Mem_Write  stm32f4xx_hal_i2c.o
    0x080023c8   0x080023c8   0x00000068   Code   RO          495    i.HAL_I2C_MspInit   stm32f4xx_hal_msp.o
    0x08002430   0x08002430   0x00000010   Code   RO         3707    i.HAL_IncTick       stm32f4xx_hal.o
    0x08002440   0x08002440   0x00000034   Code   RO         3708    i.HAL_Init          stm32f4xx_hal.o
    0x08002474   0x08002474   0x00000040   Code   RO         3709    i.HAL_InitTick      stm32f4xx_hal.o
    0x080024b4   0x080024b4   0x00000034   Code   RO          496    i.HAL_MspInit       stm32f4xx_hal_msp.o
    0x080024e8   0x080024e8   0x00000016   Code   RO         3560    i.HAL_NVIC_EnableIRQ  stm32f4xx_hal_cortex.o
    0x080024fe   0x080024fe   0x00000002   PAD
    0x08002500   0x08002500   0x00000040   Code   RO         3566    i.HAL_NVIC_SetPriority  stm32f4xx_hal_cortex.o
    0x08002540   0x08002540   0x00000024   Code   RO         3567    i.HAL_NVIC_SetPriorityGrouping  stm32f4xx_hal_cortex.o
    0x08002564   0x08002564   0x00000070   Code   RO         3489    i.HAL_PWREx_EnableOverDrive  stm32f4xx_hal_pwr_ex.o
    0x080025d4   0x080025d4   0x00000130   Code   RO         2715    i.HAL_RCC_ClockConfig  stm32f4xx_hal_rcc.o
    0x08002704   0x08002704   0x00000020   Code   RO         2722    i.HAL_RCC_GetPCLK1Freq  stm32f4xx_hal_rcc.o
    0x08002724   0x08002724   0x00000020   Code   RO         2723    i.HAL_RCC_GetPCLK2Freq  stm32f4xx_hal_rcc.o
    0x08002744   0x08002744   0x00000070   Code   RO         2826    i.HAL_RCC_GetSysClockFreq  stm32f4xx_hal_rcc_ex.o
    0x080027b4   0x080027b4   0x00000344   Code   RO         2827    i.HAL_RCC_OscConfig  stm32f4xx_hal_rcc_ex.o
    0x08002af8   0x08002af8   0x00000028   Code   RO         3571    i.HAL_SYSTICK_Config  stm32f4xx_hal_cortex.o
    0x08002b20   0x08002b20   0x00000002   Code   RO         2149    i.HAL_TIMEx_BreakCallback  stm32f4xx_hal_tim_ex.o
    0x08002b22   0x08002b22   0x00000002   Code   RO         2150    i.HAL_TIMEx_CommutationCallback  stm32f4xx_hal_tim_ex.o
    0x08002b24   0x08002b24   0x0000005a   Code   RO         2151    i.HAL_TIMEx_ConfigBreakDeadTime  stm32f4xx_hal_tim_ex.o
    0x08002b7e   0x08002b7e   0x00000050   Code   RO         2166    i.HAL_TIMEx_MasterConfigSynchronization  stm32f4xx_hal_tim_ex.o
    0x08002bce   0x08002bce   0x00000036   Code   RO         1520    i.HAL_TIM_Base_Init  stm32f4xx_hal_tim.o
    0x08002c04   0x08002c04   0x0000006c   Code   RO          498    i.HAL_TIM_Base_MspInit  stm32f4xx_hal_msp.o
    0x08002c70   0x08002c70   0x000000f2   Code   RO         1529    i.HAL_TIM_ConfigClockSource  stm32f4xx_hal_tim.o
    0x08002d62   0x08002d62   0x00000002   Code   RO         1549    i.HAL_TIM_IC_CaptureCallback  stm32f4xx_hal_tim.o
    0x08002d64   0x08002d64   0x00000166   Code   RO         1562    i.HAL_TIM_IRQHandler  stm32f4xx_hal_tim.o
    0x08002eca   0x08002eca   0x00000002   PAD
    0x08002ecc   0x08002ecc   0x00000054   Code   RO          499    i.HAL_TIM_MspPostInit  stm32f4xx_hal_msp.o
    0x08002f20   0x08002f20   0x00000002   Code   RO         1565    i.HAL_TIM_OC_DelayElapsedCallback  stm32f4xx_hal_tim.o
    0x08002f22   0x08002f22   0x000000d0   Code   RO         1586    i.HAL_TIM_PWM_ConfigChannel  stm32f4xx_hal_tim.o
    0x08002ff2   0x08002ff2   0x00000036   Code   RO         1589    i.HAL_TIM_PWM_Init  stm32f4xx_hal_tim.o
    0x08003028   0x08003028   0x00000002   Code   RO         1591    i.HAL_TIM_PWM_MspInit  stm32f4xx_hal_tim.o
    0x0800302a   0x0800302a   0x00000002   Code   RO         1592    i.HAL_TIM_PWM_PulseFinishedCallback  stm32f4xx_hal_tim.o
    0x0800302c   0x0800302c   0x00000038   Code   RO         1593    i.HAL_TIM_PWM_Start  stm32f4xx_hal_tim.o
    0x08003064   0x08003064   0x00000002   Code   RO         1599    i.HAL_TIM_PeriodElapsedCallback  stm32f4xx_hal_tim.o
    0x08003066   0x08003066   0x00000002   Code   RO         1603    i.HAL_TIM_TriggerCallback  stm32f4xx_hal_tim.o
    0x08003068   0x08003068   0x00000062   Code   RO         2413    i.HAL_UART_Init     stm32f4xx_hal_uart.o
    0x080030ca   0x080030ca   0x00000002   PAD
    0x080030cc   0x080030cc   0x000000a8   Code   RO          501    i.HAL_UART_MspInit  stm32f4xx_hal_msp.o
    0x08003174   0x08003174   0x000000ba   Code   RO         2421    i.HAL_UART_Transmit  stm32f4xx_hal_uart.o
    0x0800322e   0x0800322e   0x00000002   Code   RO          382    i.HardFault_Handler  stm32f4xx_it.o
    0x08003230   0x08003230   0x00000028   Code   RO         1139    i.I2C_IsAcknowledgeFailed  stm32f4xx_hal_i2c.o
    0x08003258   0x08003258   0x000000de   Code   RO         1142    i.I2C_MasterRequestRead  stm32f4xx_hal_i2c.o
    0x08003336   0x08003336   0x00000002   PAD
    0x08003338   0x08003338   0x00000094   Code   RO         1143    i.I2C_MasterRequestWrite  stm32f4xx_hal_i2c.o
    0x080033cc   0x080033cc   0x000000f0   Code   RO         1148    i.I2C_RequestMemoryRead  stm32f4xx_hal_i2c.o
    0x080034bc   0x080034bc   0x000000a0   Code   RO         1149    i.I2C_RequestMemoryWrite  stm32f4xx_hal_i2c.o
    0x0800355c   0x0800355c   0x0000004e   Code   RO         1152    i.I2C_WaitOnBTFFlagUntilTimeout  stm32f4xx_hal_i2c.o
    0x080035aa   0x080035aa   0x00000060   Code   RO         1153    i.I2C_WaitOnFlagUntilTimeout  stm32f4xx_hal_i2c.o
    0x0800360a   0x0800360a   0x00000002   PAD
    0x0800360c   0x0800360c   0x00000088   Code   RO         1154    i.I2C_WaitOnMasterAddressFlagUntilTimeout  stm32f4xx_hal_i2c.o
    0x08003694   0x08003694   0x00000062   Code   RO         1155    i.I2C_WaitOnRXNEFlagUntilTimeout  stm32f4xx_hal_i2c.o
    0x080036f6   0x080036f6   0x0000004e   Code   RO         1156    i.I2C_WaitOnTXEFlagUntilTimeout  stm32f4xx_hal_i2c.o
    0x08003744   0x08003744   0x00000060   Code   RO          315    i.MX_ADC1_Init      main.o
    0x080037a4   0x080037a4   0x0000002c   Code   RO          316    i.MX_CAN1_Init      main.o
    0x080037d0   0x080037d0   0x00000080   Code   RO          317    i.MX_GPIO_Init      main.o
    0x08003850   0x08003850   0x000000a4   Code   RO          318    i.MX_TIM1_Init      main.o
    0x080038f4   0x080038f4   0x00000010   Code   RO          277    i.Map               leak.o
    0x08003904   0x08003904   0x00000002   Code   RO          383    i.MemManage_Handler  stm32f4xx_it.o
    0x08003906   0x08003906   0x00000002   Code   RO          384    i.NMI_Handler       stm32f4xx_it.o
    0x08003908   0x08003908   0x00000020   Code   RO         3573    i.NVIC_SetPriority  stm32f4xx_hal_cortex.o
    0x08003928   0x08003928   0x00000002   Code   RO          385    i.PendSV_Handler    stm32f4xx_it.o
    0x0800392a   0x0800392a   0x00000002   Code   RO          386    i.SVC_Handler       stm32f4xx_it.o
    0x0800392c   0x0800392c   0x00000068   Code   RO           14    i.SetServoAngle     servo.o
    0x08003994   0x08003994   0x0000007c   Code   RO          155    i.Si7021_read_all_params  si7021_driver.o
    0x08003a10   0x08003a10   0x00000004   Code   RO          387    i.SysTick_Handler   stm32f4xx_it.o
    0x08003a14   0x08003a14   0x0000008c   Code   RO          319    i.SystemClock_Config  main.o
    0x08003aa0   0x08003aa0   0x00000054   Code   RO         3862    i.SystemInit        system_stm32f4xx.o
    0x08003af4   0x08003af4   0x0000000c   Code   RO          388    i.TIM1_BRK_TIM9_IRQHandler  stm32f4xx_it.o
    0x08003b00   0x08003b00   0x0000000c   Code   RO          389    i.TIM1_CC_IRQHandler  stm32f4xx_it.o
    0x08003b0c   0x08003b0c   0x0000000c   Code   RO          390    i.TIM1_TRG_COM_TIM11_IRQHandler  stm32f4xx_it.o
    0x08003b18   0x08003b18   0x0000000c   Code   RO          391    i.TIM1_UP_TIM10_IRQHandler  stm32f4xx_it.o
    0x08003b24   0x08003b24   0x000000c0   Code   RO         1604    i.TIM_Base_SetConfig  stm32f4xx_hal_tim.o
    0x08003be4   0x08003be4   0x00000016   Code   RO         1605    i.TIM_CCxChannelCmd  stm32f4xx_hal_tim.o
    0x08003bfa   0x08003bfa   0x00000014   Code   RO         1611    i.TIM_ETR_SetConfig  stm32f4xx_hal_tim.o
    0x08003c0e   0x08003c0e   0x00000010   Code   RO         1612    i.TIM_ITRx_SetConfig  stm32f4xx_hal_tim.o
    0x08003c1e   0x08003c1e   0x00000002   PAD
    0x08003c20   0x08003c20   0x00000058   Code   RO         1613    i.TIM_OC1_SetConfig  stm32f4xx_hal_tim.o
    0x08003c78   0x08003c78   0x00000064   Code   RO         1614    i.TIM_OC2_SetConfig  stm32f4xx_hal_tim.o
    0x08003cdc   0x08003cdc   0x00000060   Code   RO         1615    i.TIM_OC3_SetConfig  stm32f4xx_hal_tim.o
    0x08003d3c   0x08003d3c   0x00000050   Code   RO         1616    i.TIM_OC4_SetConfig  stm32f4xx_hal_tim.o
    0x08003d8c   0x08003d8c   0x00000022   Code   RO         1618    i.TIM_TI1_ConfigInputStage  stm32f4xx_hal_tim.o
    0x08003dae   0x08003dae   0x00000024   Code   RO         1620    i.TIM_TI2_ConfigInputStage  stm32f4xx_hal_tim.o
    0x08003dd2   0x08003dd2   0x00000002   PAD
    0x08003dd4   0x08003dd4   0x000002ac   Code   RO         2439    i.UART_SetConfig    stm32f4xx_hal_uart.o
    0x08004080   0x08004080   0x00000064   Code   RO         2441    i.UART_WaitOnFlagUntilTimeout  stm32f4xx_hal_uart.o
    0x080040e4   0x080040e4   0x00000002   Code   RO          392    i.UsageFault_Handler  stm32f4xx_it.o
    0x080040e6   0x080040e6   0x00000002   PAD
    0x080040e8   0x080040e8   0x00000028   Code   RO         4140    i.__0sprintf        mc_w.l(printfa.o)
    0x08004110   0x08004110   0x0000000e   Code   RO         4218    i.__scatterload_copy  mc_w.l(handlers.o)
    0x0800411e   0x0800411e   0x00000002   Code   RO         4219    i.__scatterload_null  mc_w.l(handlers.o)
    0x08004120   0x08004120   0x0000000e   Code   RO         4220    i.__scatterload_zeroinit  mc_w.l(handlers.o)
    0x0800412e   0x0800412e   0x00000002   PAD
    0x08004130   0x08004130   0x00000184   Code   RO         4145    i._fp_digits        mc_w.l(printfa.o)
    0x080042b4   0x080042b4   0x000006dc   Code   RO         4146    i._printf_core      mc_w.l(printfa.o)
    0x08004990   0x08004990   0x00000024   Code   RO         4147    i._printf_post_padding  mc_w.l(printfa.o)
    0x080049b4   0x080049b4   0x0000002e   Code   RO         4148    i._printf_pre_padding  mc_w.l(printfa.o)
    0x080049e2   0x080049e2   0x0000000a   Code   RO         4150    i._sputc            mc_w.l(printfa.o)
    0x080049ec   0x080049ec   0x00000010   Code   RO          278    i.constrain         leak.o
    0x080049fc   0x080049fc   0x00000078   Code   RO          157    i.get_humi_code     si7021_driver.o
    0x08004a74   0x08004a74   0x0000004c   Code   RO          158    i.get_temp_code     si7021_driver.o
    0x08004ac0   0x08004ac0   0x0000049c   Code   RO          320    i.main              main.o
    0x08004f5c   0x08004f5c   0x00000008   Data   RO         3272    .constdata          stm32f4xx_hal_dma.o
    0x08004f64   0x08004f64   0x00000010   Data   RO         3863    .constdata          system_stm32f4xx.o
    0x08004f74   0x08004f74   0x00000008   Data   RO         3864    .constdata          system_stm32f4xx.o
    0x08004f7c   0x08004f7c   0x00000020   Data   RO         4216    Region$$Table       anon$$obj.o


    Execution Region RW_IRAM1 (Exec base: 0x20000000, Load base: 0x08004f9c, Size: 0x00000740, Max: 0x00020000, ABSOLUTE)

    Exec Addr    Load Addr    Size         Type   Attr      Idx    E Section Name        Object

    0x20000000   0x08004f9c   0x0000001c   Data   RW          323    .data               main.o
    0x2000001c   0x08004fb8   0x0000000c   Data   RW         3715    .data               stm32f4xx_hal.o
    0x20000028   0x08004fc4   0x00000004   Data   RW         3865    .data               system_stm32f4xx.o
    0x2000002c        -       0x000002b4   Zero   RW          321    .bss                main.o
    0x200002e0        -       0x00000060   Zero   RW          322    .bss                main.o
    0x20000340        -       0x00000400   Zero   RW            1    STACK               startup_stm32f446xx.o


==============================================================================

Image component sizes


      Code (inc. data)   RO Data    RW Data    ZI Data      Debug   Object Name

      1384         20          0          0          0      10453   bmp280_driver.o
       124          4          0          0          0       2321   leak.o
      1754        436          0         28        788       6000   main.o
       104          4          0          0          0     739700   servo.o
       320         62          0          0          0       3217   si7021_driver.o
        36          8        452          0       1024        836   startup_stm32f446xx.o
       180         28          0         12          0       4569   stm32f4xx_hal.o
      1454         52          0          0          0       8392   stm32f4xx_hal_adc.o
         2          0          0          0          0        981   stm32f4xx_hal_adc_ex.o
       570          0          0          0          0       3126   stm32f4xx_hal_can.o
       194         14          0          0          0      30391   stm32f4xx_hal_cortex.o
       752         16          8          0          0       4072   stm32f4xx_hal_dma.o
       438         42          0          0          0       3025   stm32f4xx_hal_gpio.o
      3184         64          0          0          0      17657   stm32f4xx_hal_i2c.o
       792         96          0          0          0       5224   stm32f4xx_hal_msp.o
       112         14          0          0          0       1284   stm32f4xx_hal_pwr_ex.o
       368         42          0          0          0       2886   stm32f4xx_hal_rcc.o
       948         32          0          0          0       2666   stm32f4xx_hal_rcc_ex.o
      1668         88          0          0          0      16228   stm32f4xx_hal_tim.o
       174          0          0          0          0       3234   stm32f4xx_hal_tim_ex.o
      1068          8          0          0          0       4124   stm32f4xx_hal_uart.o
        92         36          0          0          0       6888   stm32f4xx_it.o
        84         18         24          4          0       1155   system_stm32f4xx.o

    ----------------------------------------------------------------------
     15828       1084        516         44       1812     878429   Object Totals
         0          0         32          0          0          0   (incl. Generated)
        26          0          0          0          0          0   (incl. Padding)

    ----------------------------------------------------------------------

      Code (inc. data)   RO Data    RW Data    ZI Data      Debug   Library Member Name

         0          0          0          0          0          0   entry.o
         0          0          0          0          0          0   entry10a.o
         0          0          0          0          0          0   entry11a.o
         8          4          0          0          0          0   entry2.o
         4          0          0          0          0          0   entry5.o
         0          0          0          0          0          0   entry7b.o
         0          0          0          0          0          0   entry8b.o
         8          4          0          0          0          0   entry9a.o
        30          0          0          0          0          0   handlers.o
        36          8          0          0          0         68   init.o
         0          0          0          0          0          0   iusefp.o
        98          0          0          0          0         84   ldiv.o
        30          0          0          0          0         68   llshl.o
        36          0          0          0          0         68   llsshr.o
        32          0          0          0          0         68   llushr.o
        36          0          0          0          0        108   memseta.o
      2276         86          0          0          0        520   printfa.o
        44          0          0          0          0         80   uidiv.o
        98          0          0          0          0         92   uldiv.o
        48          0          0          0          0         68   cdrcmple.o
        56          0          0          0          0         88   d2f.o
       334          0          0          0          0        148   dadd.o
       222          0          0          0          0        100   ddiv.o
       186          0          0          0          0        176   depilogue.o
        48          0          0          0          0         68   dfixul.o
        26          0          0          0          0         76   dfltui.o
       228          0          0          0          0         96   dmul.o
        38          0          0          0          0         68   f2d.o
       110          0          0          0          0        168   fepilogue.o

    ----------------------------------------------------------------------
      4036        102          0          0          0       2212   Library Totals
         4          0          0          0          0          0   (incl. Padding)

    ----------------------------------------------------------------------

      Code (inc. data)   RO Data    RW Data    ZI Data      Debug   Library Name

      2736        102          0          0          0       1156   mc_w.l
      1296          0          0          0          0       1056   mf_w.l

    ----------------------------------------------------------------------
      4036        102          0          0          0       2212   Library Totals

    ----------------------------------------------------------------------

==============================================================================


      Code (inc. data)   RO Data    RW Data    ZI Data      Debug   

     19864       1186        516         44       1812     867353   Grand Totals
     19864       1186        516         44       1812     867353   ELF Image Totals
     19864       1186        516         44          0          0   ROM Totals

==============================================================================

    Total RO  Size (Code + RO Data)                20380 (  19.90kB)
    Total RW  Size (RW Data + ZI Data)              1856 (   1.81kB)
    Total ROM Size (Code + RO Data + RW Data)      20424 (  19.95kB)

==============================================================================

